Archive member included to satisfy reference by file (symbol)

app/libapp.a(main.c.obj)      (--whole-archive)
zephyr/libzephyr.a(cbprintf_packaged.c.obj)
                              (--whole-archive)
zephyr/libzephyr.a(dec.c.obj)
                              (--whole-archive)
zephyr/libzephyr.a(fdtable.c.obj)
                              (--whole-archive)
zephyr/libzephyr.a(hex.c.obj)
                              (--whole-archive)
zephyr/libzephyr.a(printk.c.obj)
                              (--whole-archive)
zephyr/libzephyr.a(rb.c.obj)  (--whole-archive)
zephyr/libzephyr.a(sem.c.obj)
                              (--whole-archive)
zephyr/libzephyr.a(thread_entry.c.obj)
                              (--whole-archive)
zephyr/libzephyr.a(timeutil.c.obj)
                              (--whole-archive)
zephyr/libzephyr.a(heap.c.obj)
                              (--whole-archive)
zephyr/libzephyr.a(heap-validate.c.obj)
                              (--whole-archive)
zephyr/libzephyr.a(bitarray.c.obj)
                              (--whole-archive)
zephyr/libzephyr.a(multi_heap.c.obj)
                              (--whole-archive)
zephyr/libzephyr.a(onoff.c.obj)
                              (--whole-archive)
zephyr/libzephyr.a(notify.c.obj)
                              (--whole-archive)
zephyr/libzephyr.a(cbprintf_complete.c.obj)
                              (--whole-archive)
zephyr/libzephyr.a(assert.c.obj)
                              (--whole-archive)
zephyr/libzephyr.a(mpsc_pbuf.c.obj)
                              (--whole-archive)
zephyr/libzephyr.a(reboot.c.obj)
                              (--whole-archive)
zephyr/libzephyr.a(configs.c.obj)
                              (--whole-archive)
zephyr/libzephyr.a(soc_nrf_common.S.obj)
                              (--whole-archive)
zephyr/libzephyr.a(validate_base_addresses.c.obj)
                              (--whole-archive)
zephyr/libzephyr.a(validate_enabled_instances.c.obj)
                              (--whole-archive)
zephyr/libzephyr.a(log_core.c.obj)
                              (--whole-archive)
zephyr/libzephyr.a(log_mgmt.c.obj)
                              (--whole-archive)
zephyr/libzephyr.a(log_cache.c.obj)
                              (--whole-archive)
zephyr/libzephyr.a(log_msg.c.obj)
                              (--whole-archive)
zephyr/libzephyr.a(log_output.c.obj)
                              (--whole-archive)
zephyr/libzephyr.a(log_backend_rtt.c.obj)
                              (--whole-archive)
zephyr/libzephyr.a(log_backend_uart.c.obj)
                              (--whole-archive)
zephyr/libzephyr.a(flash_map.c.obj)
                              (--whole-archive)
zephyr/libzephyr.a(flash_map_layout.c.obj)
                              (--whole-archive)
zephyr/libzephyr.a(tracing_none.c.obj)
                              (--whole-archive)
zephyr/libzephyr.a(usb_device.c.obj)
                              (--whole-archive)
zephyr/libzephyr.a(usb_descriptor.c.obj)
                              (--whole-archive)
zephyr/libzephyr.a(usb_transfer.c.obj)
                              (--whole-archive)
zephyr/libzephyr.a(msc.c.obj)
                              (--whole-archive)
zephyr/libzephyr.a(disk_access.c.obj)
                              (--whole-archive)
zephyr/libzephyr.a(flash_map_partition_manager.c.obj)
                              (--whole-archive)
zephyr/libzephyr.a(nrf_cc3xx_platform_abort_zephyr.c.obj)
                              (--whole-archive)
zephyr/libzephyr.a(nrf_cc3xx_platform_mutex_zephyr.c.obj)
                              (--whole-archive)
zephyr/arch/common/libarch__common.a(sw_isr_common.c.obj)
                              (--whole-archive)
zephyr/arch/arch/arm/core/aarch32/libarch__arm__core__aarch32.a(cpu_idle.S.obj)
                              (--whole-archive)
zephyr/arch/arch/arm/core/aarch32/libarch__arm__core__aarch32.a(fatal.c.obj)
                              (--whole-archive)
zephyr/arch/arch/arm/core/aarch32/libarch__arm__core__aarch32.a(irq_manage.c.obj)
                              (--whole-archive)
zephyr/arch/arch/arm/core/aarch32/libarch__arm__core__aarch32.a(nmi.c.obj)
                              (--whole-archive)
zephyr/arch/arch/arm/core/aarch32/libarch__arm__core__aarch32.a(nmi_on_reset.S.obj)
                              (--whole-archive)
zephyr/arch/arch/arm/core/aarch32/libarch__arm__core__aarch32.a(prep_c.c.obj)
                              (--whole-archive)
zephyr/arch/arch/arm/core/aarch32/libarch__arm__core__aarch32.a(swap.c.obj)
                              (--whole-archive)
zephyr/arch/arch/arm/core/aarch32/libarch__arm__core__aarch32.a(swap_helper.S.obj)
                              (--whole-archive)
zephyr/arch/arch/arm/core/aarch32/libarch__arm__core__aarch32.a(thread.c.obj)
                              (--whole-archive)
zephyr/arch/arch/arm/core/aarch32/libarch__arm__core__aarch32.a(isr_wrapper.S.obj)
[...]
Memory Configuration

Name             Origin             Length             Attributes
FLASH            0x0000000000000000 0x0000000000100000 xr
RAM              0x0000000020000000 0x0000000000040000 xw
IDT_LIST         0x00000000fffff7ff 0x0000000000000800 xw
*default*        0x0000000000000000 0xffffffffffffffff

Linker script and memory map

                0x000000000000c084                vfprintf = __i_vfprintf
                0x0000000000000000                vfscanf = __i_vfscanf
LOAD zephyr/CMakeFiles/zephyr_pre0.dir/misc/empty_file.c.obj
LOAD app/libapp.a
LOAD zephyr/libzephyr.a
LOAD zephyr/arch/common/libarch__common.a
LOAD zephyr/arch/arch/arm/core/aarch32/libarch__arm__core__aarch32.a
LOAD zephyr/arch/arch/arm/core/aarch32/cortex_m/libarch__arm__core__aarch32__cortex_m.a
LOAD zephyr/arch/arch/arm/core/aarch32/mpu/libarch__arm__core__aarch32__mpu.a
LOAD zephyr/lib/libc/picolibc/liblib__libc__picolibc.a
LOAD zephyr/lib/libc/common/liblib__libc__common.a
LOAD zephyr/soc/soc/arm/common/cortex_m/libsoc__arm__common__cortex_m.a
LOAD zephyr/soc/soc/arm/nordic_nrf/nrf52/libsoc__arm__nordic_nrf__nrf52.a
LOAD zephyr/subsys/fs/libsubsys__fs.a
LOAD zephyr/drivers/disk/libdrivers__disk.a
LOAD zephyr/drivers/usb/device/libdrivers__usb__device.a
LOAD zephyr/drivers/clock_control/libdrivers__clock_control.a
LOAD zephyr/drivers/console/libdrivers__console.a
LOAD zephyr/drivers/flash/libdrivers__flash.a
LOAD zephyr/drivers/gpio/libdrivers__gpio.a
LOAD zephyr/drivers/hwinfo/libdrivers__hwinfo.a
LOAD zephyr/drivers/pinctrl/libdrivers__pinctrl.a
LOAD zephyr/drivers/serial/libdrivers__serial.a
LOAD zephyr/drivers/timer/libdrivers__timer.a
LOAD modules/nrf/lib/fatal_error/lib..__nrf__lib__fatal_error.a
LOAD modules/nrf/drivers/hw_cc310/lib..__nrf__drivers__hw_cc310.a
LOAD modules/fatfs/libmodules__fatfs.a
LOAD modules/hal_nordic/nrfx/libmodules__hal_nordic__nrfx.a
LOAD modules/segger/libmodules__segger.a
LOAD zephyr/kernel/libkernel.a
LOAD zephyr/CMakeFiles/offsets.dir/./arch/arm/core/offsets/offsets.c.obj
LOAD c:/ncs/toolchains/c57af46cb7/opt/zephyr-sdk/arm-zephyr-eabi/bin/../lib/gcc/arm-zephyr-eabi/12.2.0/thumb/v7e-m/nofp\libgcc.a
LOAD zephyr/arch/common/libisr_tables.a
LOAD C:/ncs/v2.5.0/nrfxlib/crypto/nrf_cc310_platform/lib/cortex-m4/soft-float/no-interrupts/libnrf_cc310_platform_0.9.18.a
LOAD c:\ncs\toolchains\c57af46cb7\opt\zephyr-sdk\arm-zephyr-eabi\bin\../lib/gcc/../../picolibc/arm-zephyr-eabi/lib/thumb/v7e-m/nofp\libc.a
LOAD c:/ncs/toolchains/c57af46cb7/opt/zephyr-sdk/arm-zephyr-eabi/bin/../lib/gcc/arm-zephyr-eabi/12.2.0/thumb/v7e-m/nofp\libgcc.a
                0x0000000000000020                _region_min_align = 0x20

.rel.plt        0x0000000000000000        0x0
 *(SORT_BY_ALIGNMENT(.rel.plt))
                [!provide]                        PROVIDE (__rel_iplt_start = .)
 *(SORT_BY_ALIGNMENT(.rel.iplt))
 .rel.iplt      0x0000000000000000        0x0 app/libapp.a(main.c.obj)
                [!provide]                        PROVIDE (__rel_iplt_end = .)

.rela.plt       0x0000000000000000        0x0
 *(SORT_BY_ALIGNMENT(.rela.plt))
                [!provide]                        PROVIDE (__rela_iplt_start = .)
 *(SORT_BY_ALIGNMENT(.rela.iplt))
                [!provide]                        PROVIDE (__rela_iplt_end = .)

.rel.dyn
 *(SORT_BY_ALIGNMENT(.rel.*))

.rela.dyn
 *(SORT_BY_ALIGNMENT(.rela.*))

/DISCARD/
 *(SORT_BY_ALIGNMENT(.plt))

/DISCARD/
 *(SORT_BY_ALIGNMENT(.iplt))
                0x0000000000000000                __rom_region_start = 0x0

rom_start       0x0000000000000000      0x100
                0x0000000000000000                __rom_start_address = .
                0x0000000000000000                . = (. + (0x0 - (. - __rom_start_address)))
                0x0000000000000000                . = ALIGN (0x4)
                0x0000000000000000                . = ALIGN (0x80)
                0x0000000000000000                . = ALIGN (0x100)
                0x0000000000000000                _vector_start = .
 *(SORT_BY_ALIGNMENT(.exc_vector_table))
 *(SORT_BY_ALIGNMENT(.exc_vector_table.*))
 .exc_vector_table._vector_table_section
                0x0000000000000000       0x40 zephyr/arch/arch/arm/core/aarch32/cortex_m/libarch__arm__core__aarch32__cortex_m.a(vector_table.S.obj)
                0x0000000000000000                _vector_table
 *(SORT_BY_ALIGNMENT(.vectors))
                0x0000000000000100                _vector_end = .
                0x0000000000000040                . = ALIGN (0x4)
 *(SORT_BY_ALIGNMENT(.gnu.linkonce.irq_vector_table*))
 .gnu.linkonce.irq_vector_table
                0x0000000000000040       0xc0 zephyr/arch/common/libisr_tables.a(isr_tables.c.obj)
                0x0000000000000040                _irq_vector_table
                0x0000000000000100                _vector_end = .

text            0x0000000000000100     0xf844
                0x0000000000000100                __text_region_start = .
 *(SORT_BY_ALIGNMENT(.text))
 .text          0x0000000000000100       0x30 c:/ncs/toolchains/c57af46cb7/opt/zephyr-sdk/arm-zephyr-eabi/bin/../lib/gcc/arm-zephyr-eabi/12.2.0/thumb/v7e-m/nofp\libgcc.a(_aeabi_uldivmod.o)
                0x0000000000000100                __aeabi_uldivmod
 .text          0x0000000000000130        0x4 c:/ncs/toolchains/c57af46cb7/opt/zephyr-sdk/arm-zephyr-eabi/bin/../lib/gcc/arm-zephyr-eabi/12.2.0/thumb/v7e-m/nofp\libgcc.a(_dvmd_tls.o)
                0x0000000000000130                __aeabi_idiv0
                0x0000000000000130                __aeabi_ldiv0
 .text          0x0000000000000134      0x2a0 c:/ncs/toolchains/c57af46cb7/opt/zephyr-sdk/arm-zephyr-eabi/bin/../lib/gcc/arm-zephyr-eabi/12.2.0/thumb/v7e-m/nofp\libgcc.a(_udivmoddi4.o)
                0x0000000000000134                __udivmoddi4
 .text          0x00000000000003d4       0x14 c:\ncs\toolchains\c57af46cb7\opt\zephyr-sdk\arm-zephyr-eabi\bin\../lib/gcc/../../picolibc/arm-zephyr-eabi/lib/thumb/v7e-m/nofp\libc.a(strcmp.S.o)
                0x00000000000003d4                strcmp
 .text          0x00000000000003e8       0x10 c:\ncs\toolchains\c57af46cb7\opt\zephyr-sdk\arm-zephyr-eabi\bin\../lib/gcc/../../picolibc/arm-zephyr-eabi/lib/thumb/v7e-m/nofp\libc.a(strcpy.S.o)
                0x00000000000003e8                strcpy
 .text          0x00000000000003f8       0x10 c:\ncs\toolchains\c57af46cb7\opt\zephyr-sdk\arm-zephyr-eabi\bin\../lib/gcc/../../picolibc/arm-zephyr-eabi/lib/thumb/v7e-m/nofp\libc.a(strlen.S.o)
                0x00000000000003f8                strlen
 *(SORT_BY_ALIGNMENT(.text.*))
 .text.main     0x0000000000000408      0x160 app/libapp.a(main.c.obj)
                0x0000000000000408                main
 .text.cbvprintf_package
                0x0000000000000568      0x3a4 zephyr/libzephyr.a(cbprintf_packaged.c.obj)
                0x0000000000000568                cbvprintf_package
 .text.cbprintf_package_convert
                0x000000000000090c      0x3b0 zephyr/libzephyr.a(cbprintf_packaged.c.obj)
                0x000000000000090c                cbprintf_package_convert
 .text.__printk_hook_install
                0x0000000000000cbc        0xc zephyr/libzephyr.a(printk.c.obj)
                0x0000000000000cbc                __printk_hook_install
 .text.z_thread_entry
                0x0000000000000cc8       0x34 zephyr/libzephyr.a(thread_entry.c.obj)
                0x0000000000000cc8                z_thread_entry
 .text.process_event
                0x0000000000000cfc      0x21c zephyr/libzephyr.a(onoff.c.obj)
 .text.sys_reboot
                0x0000000000000f18       0x30 zephyr/libzephyr.a(reboot.c.obj)
                0x0000000000000f18                sys_reboot
 .text.z_arm_platform_init
                0x0000000000000f48        0x4 zephyr/libzephyr.a(soc_nrf_common.S.obj)
                0x0000000000000f48                z_arm_platform_init
 .text.activate_foreach_backend
                0x0000000000000f4c       0x64 zephyr/libzephyr.a(log_core.c.obj)
 .text.enable_logger
                0x0000000000000fb0       0x5c zephyr/libzephyr.a(log_core.c.obj)
 .text.log_process_thread_timer_expiry_fn
                0x000000000000100c        0xc zephyr/libzephyr.a(log_core.c.obj)
 .text.z_log_init
                0x0000000000001018       0x90 zephyr/libzephyr.a(log_core.c.obj)
 .text.log_format_func_t_get
                0x00000000000010a8        0xc zephyr/libzephyr.a(log_core.c.obj)
                0x00000000000010a8                log_format_func_t_get
 .text.log_set_timestamp_func
                0x00000000000010b4       0x20 zephyr/libzephyr.a(log_core.c.obj)
                0x00000000000010b4                log_set_timestamp_func
 .text.z_log_notify_backend_enabled
                0x00000000000010d4       0x1c zephyr/libzephyr.a(log_core.c.obj)
                0x00000000000010d4                z_log_notify_backend_enabled
 .text.z_log_dropped
                0x00000000000010f0       0x30 zephyr/libzephyr.a(log_core.c.obj)
                0x00000000000010f0                z_log_dropped
 .text.z_log_dropped_read_and_clear
                0x0000000000001120       0x20 zephyr/libzephyr.a(log_core.c.obj)
                0x0000000000001120                z_log_dropped_read_and_clear
 .text.dropped_notify
                0x0000000000001140       0x30 zephyr/libzephyr.a(log_core.c.obj)
                0x0000000000001140                dropped_notify
 .text.z_log_msg_init
                0x0000000000001170       0x20 zephyr/libzephyr.a(log_core.c.obj)
                0x0000000000001170                z_log_msg_init
 .text.log_core_init
                0x0000000000001190       0x34 zephyr/libzephyr.a(log_core.c.obj)
                0x0000000000001190                log_core_init
 .text.z_log_msg_alloc
                0x00000000000011c4       0x10 zephyr/libzephyr.a(log_core.c.obj)
                0x00000000000011c4                z_log_msg_alloc
 .text.z_log_msg_local_claim
                0x00000000000011d4        0xc zephyr/libzephyr.a(log_core.c.obj)
                0x00000000000011d4                z_log_msg_local_claim
 .text.z_log_msg_free
                0x00000000000011e0       0x10 zephyr/libzephyr.a(log_core.c.obj)
                0x00000000000011e0                z_log_msg_free
 .text.z_log_msg_pending
                0x00000000000011f0        0xc zephyr/libzephyr.a(log_core.c.obj)
                0x00000000000011f0                z_log_msg_pending
 .text.z_impl_log_process
                0x00000000000011fc       0xbc zephyr/libzephyr.a(log_core.c.obj)
                0x00000000000011fc                z_impl_log_process
 .text.z_impl_log_panic
                0x00000000000012b8       0x44 zephyr/libzephyr.a(log_core.c.obj)
                0x00000000000012b8                z_impl_log_panic
 .text.log_process_thread_func
                0x00000000000012fc       0xa4 zephyr/libzephyr.a(log_core.c.obj)
 .text.z_log_msg_post_finalize
                0x00000000000013a0       0x78 zephyr/libzephyr.a(log_core.c.obj)
 .text.z_log_msg_commit
                0x0000000000001418       0x24 zephyr/libzephyr.a(log_core.c.obj)
                0x0000000000001418                z_log_msg_commit
 .text.log_source_name_get
                0x000000000000143c       0x1c zephyr/libzephyr.a(log_mgmt.c.obj)
                0x000000000000143c                log_source_name_get
 .text.log_backend_enable
                0x0000000000001458       0x28 zephyr/libzephyr.a(log_mgmt.c.obj)
                0x0000000000001458                log_backend_enable
 .text.z_impl_z_log_msg_static_create
                0x0000000000001480      0x108 zephyr/libzephyr.a(log_msg.c.obj)
                0x0000000000001480                z_impl_z_log_msg_static_create
 .text.z_impl_z_log_msg_runtime_vcreate
                0x0000000000001588       0x8c zephyr/libzephyr.a(log_msg.c.obj)
                0x0000000000001588                z_impl_z_log_msg_runtime_vcreate
 .text.print_formatted
                0x0000000000001614       0x24 zephyr/libzephyr.a(log_output.c.obj)
 .text.newline_print
                0x0000000000001638       0x1c zephyr/libzephyr.a(log_output.c.obj)
 .text.log_output_process
                0x0000000000001654      0x2a8 zephyr/libzephyr.a(log_output.c.obj)
                0x0000000000001654                log_output_process
 .text.log_output_msg_process
                0x00000000000018fc       0x70 zephyr/libzephyr.a(log_output.c.obj)
                0x00000000000018fc                log_output_msg_process
 .text.log_output_dropped_process
                0x000000000000196c       0x58 zephyr/libzephyr.a(log_output.c.obj)
                0x000000000000196c                log_output_dropped_process
 .text.log_output_timestamp_freq_set
                0x00000000000019c4       0x2c zephyr/libzephyr.a(log_output.c.obj)
                0x00000000000019c4                log_output_timestamp_freq_set
 .text.log_backend_rtt_init
                0x00000000000019f0        0xc zephyr/libzephyr.a(log_backend_rtt.c.obj)
 .text.format_set
                0x00000000000019fc        0xc zephyr/libzephyr.a(log_backend_rtt.c.obj)
 .text.panic    0x0000000000001a08       0x14 zephyr/libzephyr.a(log_backend_rtt.c.obj)
 .text.dropped  0x0000000000001a1c        0xc zephyr/libzephyr.a(log_backend_rtt.c.obj)
 .text.process  0x0000000000001a28       0x24 zephyr/libzephyr.a(log_backend_rtt.c.obj)
 .text.on_failed_write
                0x0000000000001a4c       0x28 zephyr/libzephyr.a(log_backend_rtt.c.obj)
 .text.data_out_block_mode
                0x0000000000001a74       0x84 zephyr/libzephyr.a(log_backend_rtt.c.obj)
 .text.format_set
                0x0000000000001af8        0xc zephyr/libzephyr.a(log_backend_uart.c.obj)
 .text.panic    0x0000000000001b04       0x14 zephyr/libzephyr.a(log_backend_uart.c.obj)
 .text.dropped  0x0000000000001b18        0xc zephyr/libzephyr.a(log_backend_uart.c.obj)
 .text.process  0x0000000000001b24       0x24 zephyr/libzephyr.a(log_backend_uart.c.obj)
 .text.char_out
                0x0000000000001b48       0x24 zephyr/libzephyr.a(log_backend_uart.c.obj)
 .text.class_handler
                0x0000000000001b6c       0x40 zephyr/libzephyr.a(usb_device.c.obj)
 .text.custom_handler
                0x0000000000001bac       0x60 zephyr/libzephyr.a(usb_device.c.obj)
 .text.vendor_handler
                0x0000000000001c0c       0x3c zephyr/libzephyr.a(usb_device.c.obj)
 .text.usb_reset_alt_setting
                0x0000000000001c48       0x10 zephyr/libzephyr.a(usb_device.c.obj)
 .text.is_ep_valid.part.0
                0x0000000000001c58       0x38 zephyr/libzephyr.a(usb_device.c.obj)
 .text.usb_handle_request.constprop.0
                0x0000000000001c90       0x2c zephyr/libzephyr.a(usb_device.c.obj)
 .text.usb_halt_endpoint_req.isra.0
                0x0000000000001cbc       0x50 zephyr/libzephyr.a(usb_device.c.obj)
 .text.get_ep_bm_from_addr.part.0
                0x0000000000001d0c       0x30 zephyr/libzephyr.a(usb_device.c.obj)
 .text.forward_status_cb
                0x0000000000001d3c       0xb0 zephyr/libzephyr.a(usb_device.c.obj)
 .text.disable_endpoint
                0x0000000000001dec       0x60 zephyr/libzephyr.a(usb_device.c.obj)
 .text.set_endpoint
                0x0000000000001e4c       0xc0 zephyr/libzephyr.a(usb_device.c.obj)
 .text.usb_handle_standard_request
                0x0000000000001f0c      0x2ec zephyr/libzephyr.a(usb_device.c.obj)
 .text.usb_device_init.part.0
                0x00000000000021f8       0x2c zephyr/libzephyr.a(usb_device.c.obj)
 .text.usb_data_to_host
                0x0000000000002224       0x60 zephyr/libzephyr.a(usb_device.c.obj)
 .text.usb_handle_control_transfer
                0x0000000000002284      0x104 zephyr/libzephyr.a(usb_device.c.obj)
 .text.usb_set_config
                0x0000000000002388       0x2c zephyr/libzephyr.a(usb_device.c.obj)
                0x0000000000002388                usb_set_config
 .text.usb_device_init
                0x00000000000023b4       0x2c zephyr/libzephyr.a(usb_device.c.obj)
 .text.usb_enable
                0x00000000000023e0      0x140 zephyr/libzephyr.a(usb_device.c.obj)
                0x00000000000023e0                usb_enable
 .text.usb_update_sn_string_descriptor
                0x0000000000002520       0x88 zephyr/libzephyr.a(usb_descriptor.c.obj)
                0x0000000000002520                usb_update_sn_string_descriptor
 .text.usb_get_device_descriptor
                0x00000000000025a8      0x270 zephyr/libzephyr.a(usb_descriptor.c.obj)
                0x00000000000025a8                usb_get_device_descriptor
 .text.usb_ep_get_transfer
                0x0000000000002818       0x2c zephyr/libzephyr.a(usb_transfer.c.obj)
 .text.usb_transfer_work
                0x0000000000002844      0x158 zephyr/libzephyr.a(usb_transfer.c.obj)
 .text.usb_cancel_transfer
                0x000000000000299c       0x3c zephyr/libzephyr.a(usb_transfer.c.obj)
                0x000000000000299c                usb_cancel_transfer
 .text.usb_cancel_transfers
                0x00000000000029d8       0x48 zephyr/libzephyr.a(usb_transfer.c.obj)
                0x00000000000029d8                usb_cancel_transfers
 .text.usb_transfer_init
                0x0000000000002a20       0x34 zephyr/libzephyr.a(usb_transfer.c.obj)
                0x0000000000002a20                usb_transfer_init
 .text.mass_interface_config
                0x0000000000002a54        0xc zephyr/libzephyr.a(msc.c.obj)
 .text.msd_init
                0x0000000000002a60       0x4c zephyr/libzephyr.a(msc.c.obj)
 .text.mass_storage_status_cb
                0x0000000000002aac       0x14 zephyr/libzephyr.a(msc.c.obj)
 .text.mass_storage_class_handle_req
                0x0000000000002ac0       0x78 zephyr/libzephyr.a(msc.c.obj)
 .text.sendCSW  0x0000000000002b38       0x54 zephyr/libzephyr.a(msc.c.obj)
 .text.fail     0x0000000000002b8c       0x34 zephyr/libzephyr.a(msc.c.obj)
 .text.check_cbw_data_length
                0x0000000000002bc0       0x20 zephyr/libzephyr.a(msc.c.obj)
 .text.thread_memory_read_done
                0x0000000000002be0       0xcc zephyr/libzephyr.a(msc.c.obj)
 .text.mass_storage_init
                0x0000000000002cac       0xcc zephyr/libzephyr.a(msc.c.obj)
 .text.mass_thread_main
                0x0000000000002d78      0x1a4 zephyr/libzephyr.a(msc.c.obj)
 .text.write.part.0.isra.0
                0x0000000000002f1c       0x24 zephyr/libzephyr.a(msc.c.obj)
 .text.write.isra.0
                0x0000000000002f40       0x48 zephyr/libzephyr.a(msc.c.obj)
 .text.memoryRead
                0x0000000000002f88       0x3c zephyr/libzephyr.a(msc.c.obj)
 .text.mass_storage_bulk_in.part.0
                0x0000000000002fc4       0x40 zephyr/libzephyr.a(msc.c.obj)
 .text.mass_storage_bulk_in
                0x0000000000003004       0x38 zephyr/libzephyr.a(msc.c.obj)
 .text.infoTransfer
                0x000000000000303c       0xa0 zephyr/libzephyr.a(msc.c.obj)
 .text.mass_storage_bulk_out
                0x00000000000030dc      0x43c zephyr/libzephyr.a(msc.c.obj)
 .text.disk_access_get_di
                0x0000000000003518       0x64 zephyr/libzephyr.a(disk_access.c.obj)
                0x0000000000003518                disk_access_get_di
 .text.disk_access_register
                0x000000000000357c       0x70 zephyr/libzephyr.a(disk_access.c.obj)
                0x000000000000357c                disk_access_register
 .text.nrf_cc3xx_platform_abort_init
                0x00000000000035ec        0xc zephyr/libzephyr.a(nrf_cc3xx_platform_abort_zephyr.c.obj)
                0x00000000000035ec                nrf_cc3xx_platform_abort_init
 .text.mutex_free_platform
                0x00000000000035f8       0x54 zephyr/libzephyr.a(nrf_cc3xx_platform_mutex_zephyr.c.obj)
 .text.mutex_lock_platform
                0x000000000000364c       0x60 zephyr/libzephyr.a(nrf_cc3xx_platform_mutex_zephyr.c.obj)
 .text.mutex_unlock_platform
                0x00000000000036ac       0x58 zephyr/libzephyr.a(nrf_cc3xx_platform_mutex_zephyr.c.obj)
 .text.mutex_init_platform
                0x0000000000003704       0x94 zephyr/libzephyr.a(nrf_cc3xx_platform_mutex_zephyr.c.obj)
 .text.nrf_cc3xx_platform_mutex_init
                0x0000000000003798       0x2c zephyr/libzephyr.a(nrf_cc3xx_platform_mutex_zephyr.c.obj)
                0x0000000000003798                nrf_cc3xx_platform_mutex_init
 .text.z_arm_cpu_idle_init
                0x00000000000037c4        0xc zephyr/arch/arch/arm/core/aarch32/libarch__arm__core__aarch32.a(cpu_idle.S.obj)
                0x00000000000037c4                z_arm_cpu_idle_init
 .text.arch_cpu_idle
                0x00000000000037d0       0x1c zephyr/arch/arch/arm/core/aarch32/libarch__arm__core__aarch32.a(cpu_idle.S.obj)
                0x00000000000037d0                arch_cpu_idle
 .text.arch_cpu_atomic_idle
                0x00000000000037ec       0x18 zephyr/arch/arch/arm/core/aarch32/libarch__arm__core__aarch32.a(cpu_idle.S.obj)
                0x00000000000037ec                arch_cpu_atomic_idle
 .text.z_arm_fatal_error
                0x0000000000003804       0xcc zephyr/arch/arch/arm/core/aarch32/libarch__arm__core__aarch32.a(fatal.c.obj)
                0x0000000000003804                z_arm_fatal_error
 .text.arch_irq_enable
                0x00000000000038d0       0x1c zephyr/arch/arch/arm/core/aarch32/libarch__arm__core__aarch32.a(irq_manage.c.obj)
                0x00000000000038d0                arch_irq_enable
 .text.arch_irq_disable
                0x00000000000038ec       0x28 zephyr/arch/arch/arm/core/aarch32/libarch__arm__core__aarch32.a(irq_manage.c.obj)
                0x00000000000038ec                arch_irq_disable
 .text.arch_irq_is_enabled
                0x0000000000003914       0x1c zephyr/arch/arch/arm/core/aarch32/libarch__arm__core__aarch32.a(irq_manage.c.obj)
                0x0000000000003914                arch_irq_is_enabled
 .text.z_arm_irq_priority_set
                0x0000000000003930       0x30 zephyr/arch/arch/arm/core/aarch32/libarch__arm__core__aarch32.a(irq_manage.c.obj)
                0x0000000000003930                z_arm_irq_priority_set
 .text.z_SysNmiOnReset
                0x0000000000003960        0x8 zephyr/arch/arch/arm/core/aarch32/libarch__arm__core__aarch32.a(nmi_on_reset.S.obj)
                0x0000000000003960                z_SysNmiOnReset
 .text.z_arm_prep_c
                0x0000000000003968       0x38 zephyr/arch/arch/arm/core/aarch32/libarch__arm__core__aarch32.a(prep_c.c.obj)
                0x0000000000003968                z_arm_prep_c
 .text.arch_swap
                0x00000000000039a0       0x34 zephyr/arch/arch/arm/core/aarch32/libarch__arm__core__aarch32.a(swap.c.obj)
                0x00000000000039a0                arch_swap
 .text.z_arm_pendsv
                0x00000000000039d4       0x64 zephyr/arch/arch/arm/core/aarch32/libarch__arm__core__aarch32.a(swap_helper.S.obj)
                0x00000000000039d4                z_arm_pendsv
 .text.z_arm_svc
                0x0000000000003a38       0x20 zephyr/arch/arch/arm/core/aarch32/libarch__arm__core__aarch32.a(swap_helper.S.obj)
                0x0000000000003a38                z_arm_svc
 .text.arch_new_thread
                0x0000000000003a58       0x38 zephyr/arch/arch/arm/core/aarch32/libarch__arm__core__aarch32.a(thread.c.obj)
                0x0000000000003a58                arch_new_thread
 .text.z_check_thread_stack_fail
                0x0000000000003a90       0x2c zephyr/arch/arch/arm/core/aarch32/libarch__arm__core__aarch32.a(thread.c.obj)
                0x0000000000003a90                z_check_thread_stack_fail
 .text.arch_switch_to_main_thread
                0x0000000000003abc       0x38 zephyr/arch/arch/arm/core/aarch32/libarch__arm__core__aarch32.a(thread.c.obj)
                0x0000000000003abc                arch_switch_to_main_thread
 .text._isr_wrapper
                0x0000000000003af4       0x28 zephyr/arch/arch/arm/core/aarch32/libarch__arm__core__aarch32.a(isr_wrapper.S.obj)
                0x0000000000003af4                _isr_wrapper
 .text.arch_tls_stack_setup
                0x0000000000003b1c       0x5c zephyr/arch/arch/arm/core/aarch32/libarch__arm__core__aarch32.a(tls.c.obj)
                0x0000000000003b1c                arch_tls_stack_setup
 .text._HandlerModeExit
                0x0000000000003b78       0x1c zephyr/arch/arch/arm/core/aarch32/cortex_m/libarch__arm__core__aarch32__cortex_m.a(exc_exit.S.obj)
                0x0000000000003b78                z_arm_int_exit
                0x0000000000003b78                z_arm_exc_exit
 .text.bus_fault.constprop.0
                0x0000000000003b94      0x154 zephyr/arch/arch/arm/core/aarch32/cortex_m/libarch__arm__core__aarch32__cortex_m.a(fault.c.obj)
 .text.usage_fault.constprop.0
                0x0000000000003ce8      0x104 zephyr/arch/arch/arm/core/aarch32/cortex_m/libarch__arm__core__aarch32__cortex_m.a(fault.c.obj)
 .text.mem_manage_fault
                0x0000000000003dec      0x178 zephyr/arch/arch/arm/core/aarch32/cortex_m/libarch__arm__core__aarch32__cortex_m.a(fault.c.obj)
 .text.z_arm_fault
                0x0000000000003f64      0x224 zephyr/arch/arch/arm/core/aarch32/cortex_m/libarch__arm__core__aarch32__cortex_m.a(fault.c.obj)
                0x0000000000003f64                z_arm_fault
 .text.z_arm_fault_init
                0x0000000000004188       0x10 zephyr/arch/arch/arm/core/aarch32/cortex_m/libarch__arm__core__aarch32__cortex_m.a(fault.c.obj)
                0x0000000000004188                z_arm_fault_init
 .text.__fault  0x0000000000004198       0x14 zephyr/arch/arch/arm/core/aarch32/cortex_m/libarch__arm__core__aarch32__cortex_m.a(fault_s.S.obj)
                0x0000000000004198                z_arm_usage_fault
                0x0000000000004198                z_arm_mpu_fault
                0x0000000000004198                z_arm_exc_spurious
                0x0000000000004198                z_arm_debug_monitor
                0x0000000000004198                z_arm_hard_fault
                0x0000000000004198                z_arm_bus_fault
 .text.z_arm_interrupt_init
                0x00000000000041ac       0x18 zephyr/arch/arch/arm/core/aarch32/cortex_m/libarch__arm__core__aarch32__cortex_m.a(irq_init.c.obj)
                0x00000000000041ac                z_arm_interrupt_init
 .text._reset_section
                0x00000000000041c4       0x54 zephyr/arch/arch/arm/core/aarch32/cortex_m/libarch__arm__core__aarch32__cortex_m.a(reset.S.obj)
                0x00000000000041c4                __start
                0x00000000000041c4                z_arm_reset
 .text.sys_arch_reboot
                0x0000000000004218       0x24 zephyr/arch/arch/arm/core/aarch32/cortex_m/libarch__arm__core__aarch32__cortex_m.a(scb.c.obj)
                0x0000000000004218                sys_arch_reboot
 .text.z_arm_clear_arm_mpu_config
                0x000000000000423c       0x24 zephyr/arch/arch/arm/core/aarch32/cortex_m/libarch__arm__core__aarch32__cortex_m.a(scb.c.obj)
                0x000000000000423c                z_arm_clear_arm_mpu_config
 .text.z_arm_init_arch_hw_at_boot
                0x0000000000004260       0x64 zephyr/arch/arch/arm/core/aarch32/cortex_m/libarch__arm__core__aarch32__cortex_m.a(scb.c.obj)
                0x0000000000004260                z_arm_init_arch_hw_at_boot
 .text.z_impl_k_thread_abort
                0x00000000000042c4       0x2c zephyr/arch/arch/arm/core/aarch32/cortex_m/libarch__arm__core__aarch32__cortex_m.a(thread_abort.c.obj)
                0x00000000000042c4                z_impl_k_thread_abort
 .text.z_arm_configure_static_mpu_regions
                0x00000000000042f0       0x18 zephyr/arch/arch/arm/core/aarch32/mpu/libarch__arm__core__aarch32__mpu.a(arm_core_mpu.c.obj)
                0x00000000000042f0                z_arm_configure_static_mpu_regions
 .text.z_arm_configure_dynamic_mpu_regions
                0x0000000000004308       0x20 zephyr/arch/arch/arm/core/aarch32/mpu/libarch__arm__core__aarch32__mpu.a(arm_core_mpu.c.obj)
                0x0000000000004308                z_arm_configure_dynamic_mpu_regions
 .text.mpu_configure_regions
                0x0000000000004328       0xcc zephyr/arch/arch/arm/core/aarch32/mpu/libarch__arm__core__aarch32__mpu.a(arm_mpu.c.obj)
 .text.arm_core_mpu_enable
                0x00000000000043f4       0x18 zephyr/arch/arch/arm/core/aarch32/mpu/libarch__arm__core__aarch32__mpu.a(arm_mpu.c.obj)
                0x00000000000043f4                arm_core_mpu_enable
 .text.arm_core_mpu_disable
                0x000000000000440c       0x14 zephyr/arch/arch/arm/core/aarch32/mpu/libarch__arm__core__aarch32__mpu.a(arm_mpu.c.obj)
                0x000000000000440c                arm_core_mpu_disable
 .text.arm_core_mpu_configure_static_mpu_regions
                0x0000000000004420       0x14 zephyr/arch/arch/arm/core/aarch32/mpu/libarch__arm__core__aarch32__mpu.a(arm_mpu.c.obj)
                0x0000000000004420                arm_core_mpu_configure_static_mpu_regions
 .text.arm_core_mpu_configure_dynamic_mpu_regions
                0x0000000000004434       0x30 zephyr/arch/arch/arm/core/aarch32/mpu/libarch__arm__core__aarch32__mpu.a(arm_mpu.c.obj)
                0x0000000000004434                arm_core_mpu_configure_dynamic_mpu_regions
 .text.z_arm_mpu_init
                0x0000000000004464       0x60 zephyr/arch/arch/arm/core/aarch32/mpu/libarch__arm__core__aarch32__mpu.a(arm_mpu.c.obj)
                0x0000000000004464                z_arm_mpu_init
 .text.z_impl_zephyr_fputc
                0x00000000000044c4       0x10 zephyr/lib/libc/picolibc/liblib__libc__picolibc.a(libc-hooks.c.obj)
                0x00000000000044c4                z_impl_zephyr_fputc
 .text.__stdout_hook_install
                0x00000000000044d4       0x18 zephyr/lib/libc/picolibc/liblib__libc__picolibc.a(libc-hooks.c.obj)
                0x00000000000044d4                __stdout_hook_install
 .text.cbvprintf
                0x00000000000044ec       0x38 zephyr/lib/libc/picolibc/liblib__libc__picolibc.a(libc-hooks.c.obj)
                0x00000000000044ec                cbvprintf
 .text.__chk_fail
                0x0000000000004524       0x18 zephyr/lib/libc/picolibc/liblib__libc__picolibc.a(libc-hooks.c.obj)
                0x0000000000004524                __chk_fail
 .text.malloc_prepare
                0x000000000000453c       0x24 zephyr/lib/libc/common/liblib__libc__common.a(malloc.c.obj)
 .text.nordicsemi_nrf52_init
                0x0000000000004560       0x44 zephyr/soc/soc/arm/nordic_nrf/nrf52/libsoc__arm__nordic_nrf__nrf52.a(soc.c.obj)
 .text.arch_busy_wait
                0x00000000000045a4       0x14 zephyr/soc/soc/arm/nordic_nrf/nrf52/libsoc__arm__nordic_nrf__nrf52.a(soc.c.obj)
                0x00000000000045a4                arch_busy_wait
 .text.registry_find
                0x00000000000045b8       0x2c zephyr/subsys/fs/libsubsys__fs.a(fs.c.obj)
 .text.fs_init  0x00000000000045e4       0x1c zephyr/subsys/fs/libsubsys__fs.a(fs.c.obj)
 .text.k_mutex_lock.constprop.0.isra.0
                0x0000000000004600       0x10 zephyr/subsys/fs/libsubsys__fs.a(fs.c.obj)
 .text.k_mutex_unlock.constprop.0.isra.0
                0x0000000000004610        0xc zephyr/subsys/fs/libsubsys__fs.a(fs.c.obj)
 .text.fs_get_mnt_point
                0x000000000000461c       0x90 zephyr/subsys/fs/libsubsys__fs.a(fs.c.obj)
 .text.fs_opendir
                0x00000000000046ac      0x100 zephyr/subsys/fs/libsubsys__fs.a(fs.c.obj)
                0x00000000000046ac                fs_opendir
 .text.fs_readdir
                0x00000000000047ac      0x110 zephyr/subsys/fs/libsubsys__fs.a(fs.c.obj)
                0x00000000000047ac                fs_readdir
 .text.fs_closedir
                0x00000000000048bc       0x54 zephyr/subsys/fs/libsubsys__fs.a(fs.c.obj)
                0x00000000000048bc                fs_closedir
 .text.fs_statvfs
                0x0000000000004910       0xac zephyr/subsys/fs/libsubsys__fs.a(fs.c.obj)
                0x0000000000004910                fs_statvfs
 .text.fs_mount
                0x00000000000049bc      0x1bc zephyr/subsys/fs/libsubsys__fs.a(fs.c.obj)
                0x00000000000049bc                fs_mount
 .text.fs_register
                0x0000000000004b78       0x50 zephyr/subsys/fs/libsubsys__fs.a(fs.c.obj)
                0x0000000000004b78                fs_register
 .text.translate_error
                0x0000000000004bc8       0x14 zephyr/subsys/fs/libsubsys__fs.a(fat_fs.c.obj)
 .text.fatfs_init
                0x0000000000004bdc        0xc zephyr/subsys/fs/libsubsys__fs.a(fat_fs.c.obj)
 .text.fatfs_mount
                0x0000000000004be8       0x74 zephyr/subsys/fs/libsubsys__fs.a(fat_fs.c.obj)
 .text.fatfs_closedir
                0x0000000000004c5c       0x24 zephyr/subsys/fs/libsubsys__fs.a(fat_fs.c.obj)
 .text.fatfs_close
                0x0000000000004c80       0x28 zephyr/subsys/fs/libsubsys__fs.a(fat_fs.c.obj)
 .text.fatfs_opendir
                0x0000000000004ca8       0x50 zephyr/subsys/fs/libsubsys__fs.a(fat_fs.c.obj)
 .text.fatfs_open
                0x0000000000004cf8       0x58 zephyr/subsys/fs/libsubsys__fs.a(fat_fs.c.obj)
 .text.disk_ram_init
                0x0000000000004d50        0xc zephyr/drivers/disk/libdrivers__disk.a(ramdisk.c.obj)
 .text.disk_ram_access_read
                0x0000000000004d5c       0x58 zephyr/drivers/disk/libdrivers__disk.a(ramdisk.c.obj)
 .text.disk_ram_access_write
                0x0000000000004db4       0x58 zephyr/drivers/disk/libdrivers__disk.a(ramdisk.c.obj)
 .text.endpoint_ctx
                0x0000000000004e0c       0x60 zephyr/drivers/usb/device/libdrivers__usb__device.a(usb_dc_nrfx.c.obj)
 .text.usbd_work_schedule
                0x0000000000004e6c       0x10 zephyr/drivers/usb/device/libdrivers__usb__device.a(usb_dc_nrfx.c.obj)
 .text.usbd_evt_put
                0x0000000000004e7c        0xc zephyr/drivers/usb/device/libdrivers__usb__device.a(usb_dc_nrfx.c.obj)
 .text.usbd_evt_get
                0x0000000000004e88       0x10 zephyr/drivers/usb/device/libdrivers__usb__device.a(usb_dc_nrfx.c.obj)
 .text.usb_init
                0x0000000000004e98       0x70 zephyr/drivers/usb/device/libdrivers__usb__device.a(usb_dc_nrfx.c.obj)
 .text.hfxo_stop.constprop.0.isra.0
                0x0000000000004f08       0x40 zephyr/drivers/usb/device/libdrivers__usb__device.a(usb_dc_nrfx.c.obj)
 .text.eps_ctx_init
                0x0000000000004f48       0x68 zephyr/drivers/usb/device/libdrivers__usb__device.a(usb_dc_nrfx.c.obj)
 .text.usbd_evt_flush
                0x0000000000004fb0       0x1c zephyr/drivers/usb/device/libdrivers__usb__device.a(usb_dc_nrfx.c.obj)
 .text.usbd_evt_alloc
                0x0000000000004fcc       0x78 zephyr/drivers/usb/device/libdrivers__usb__device.a(usb_dc_nrfx.c.obj)
 .text.usb_dc_power_event_handler
                0x0000000000005044       0x5c zephyr/drivers/usb/device/libdrivers__usb__device.a(usb_dc_nrfx.c.obj)
 .text.usbd_event_transfer_data
                0x00000000000050a0       0xe0 zephyr/drivers/usb/device/libdrivers__usb__device.a(usb_dc_nrfx.c.obj)
 .text.usbd_event_handler
                0x0000000000005180      0x170 zephyr/drivers/usb/device/libdrivers__usb__device.a(usb_dc_nrfx.c.obj)
 .text.usbd_work_handler
                0x00000000000052f0      0x3ac zephyr/drivers/usb/device/libdrivers__usb__device.a(usb_dc_nrfx.c.obj)
 .text.usb_dc_attach
                0x000000000000569c       0x64 zephyr/drivers/usb/device/libdrivers__usb__device.a(usb_dc_nrfx.c.obj)
                0x000000000000569c                usb_dc_attach
 .text.usb_dc_set_address
                0x0000000000005700       0x24 zephyr/drivers/usb/device/libdrivers__usb__device.a(usb_dc_nrfx.c.obj)
                0x0000000000005700                usb_dc_set_address
 .text.usb_dc_ep_check_cap
                0x0000000000005724       0x54 zephyr/drivers/usb/device/libdrivers__usb__device.a(usb_dc_nrfx.c.obj)
                0x0000000000005724                usb_dc_ep_check_cap
 .text.usb_dc_ep_configure
                0x0000000000005778       0x68 zephyr/drivers/usb/device/libdrivers__usb__device.a(usb_dc_nrfx.c.obj)
                0x0000000000005778                usb_dc_ep_configure
 .text.usb_dc_ep_set_stall
                0x00000000000057e0       0x74 zephyr/drivers/usb/device/libdrivers__usb__device.a(usb_dc_nrfx.c.obj)
                0x00000000000057e0                usb_dc_ep_set_stall
 .text.usb_dc_ep_clear_stall
                0x0000000000005854       0x40 zephyr/drivers/usb/device/libdrivers__usb__device.a(usb_dc_nrfx.c.obj)
                0x0000000000005854                usb_dc_ep_clear_stall
 .text.usb_dc_ep_is_stalled
                0x0000000000005894       0x38 zephyr/drivers/usb/device/libdrivers__usb__device.a(usb_dc_nrfx.c.obj)
                0x0000000000005894                usb_dc_ep_is_stalled
 .text.usb_dc_ep_enable
                0x00000000000058cc       0x54 zephyr/drivers/usb/device/libdrivers__usb__device.a(usb_dc_nrfx.c.obj)
                0x00000000000058cc                usb_dc_ep_enable
 .text.usb_dc_ep_write
                0x0000000000005920      0x144 zephyr/drivers/usb/device/libdrivers__usb__device.a(usb_dc_nrfx.c.obj)
                0x0000000000005920                usb_dc_ep_write
 .text.usb_dc_ep_read_wait
                0x0000000000005a64       0xcc zephyr/drivers/usb/device/libdrivers__usb__device.a(usb_dc_nrfx.c.obj)
                0x0000000000005a64                usb_dc_ep_read_wait
 .text.usb_dc_ep_read_continue
                0x0000000000005b30       0xb0 zephyr/drivers/usb/device/libdrivers__usb__device.a(usb_dc_nrfx.c.obj)
                0x0000000000005b30                usb_dc_ep_read_continue
 .text.usb_dc_ep_set_callback
                0x0000000000005be0       0x28 zephyr/drivers/usb/device/libdrivers__usb__device.a(usb_dc_nrfx.c.obj)
                0x0000000000005be0                usb_dc_ep_set_callback
 .text.usb_dc_set_status_callback
                0x0000000000005c08        0xc zephyr/drivers/usb/device/libdrivers__usb__device.a(usb_dc_nrfx.c.obj)
                0x0000000000005c08                usb_dc_set_status_callback
 .text.usb_dc_ep_mps
                0x0000000000005c14       0x24 zephyr/drivers/usb/device/libdrivers__usb__device.a(usb_dc_nrfx.c.obj)
                0x0000000000005c14                usb_dc_ep_mps
 .text.onoff_stop
                0x0000000000005c38       0x30 zephyr/drivers/clock_control/libdrivers__clock_control.a(clock_control_nrf.c.obj)
 .text.onoff_start
                0x0000000000005c68       0x44 zephyr/drivers/clock_control/libdrivers__clock_control.a(clock_control_nrf.c.obj)
 .text.clk_init
                0x0000000000005cac       0x58 zephyr/drivers/clock_control/libdrivers__clock_control.a(clock_control_nrf.c.obj)
 .text.clkstarted_handle.constprop.0
                0x0000000000005d04       0x34 zephyr/drivers/clock_control/libdrivers__clock_control.a(clock_control_nrf.c.obj)
 .text.clock_event_handler
                0x0000000000005d38       0x1c zephyr/drivers/clock_control/libdrivers__clock_control.a(clock_control_nrf.c.obj)
 .text.generic_hfclk_start
                0x0000000000005d54       0x64 zephyr/drivers/clock_control/libdrivers__clock_control.a(clock_control_nrf.c.obj)
 .text.api_blocking_start
                0x0000000000005db8       0x34 zephyr/drivers/clock_control/libdrivers__clock_control.a(clock_control_nrf.c.obj)
 .text.generic_hfclk_stop
                0x0000000000005dec       0x34 zephyr/drivers/clock_control/libdrivers__clock_control.a(clock_control_nrf.c.obj)
 .text.z_nrf_clock_control_get_onoff
                0x0000000000005e20       0x10 zephyr/drivers/clock_control/libdrivers__clock_control.a(clock_control_nrf.c.obj)
                0x0000000000005e20                z_nrf_clock_control_get_onoff
 .text.z_nrf_clock_control_lf_on
                0x0000000000005e30       0xfc zephyr/drivers/clock_control/libdrivers__clock_control.a(clock_control_nrf.c.obj)
                0x0000000000005e30                z_nrf_clock_control_lf_on
 .text.uart_console_init
                0x0000000000005f2c       0x28 zephyr/drivers/console/libdrivers__console.a(uart_console.c.obj)
 .text.console_out
                0x0000000000005f54       0x28 zephyr/drivers/console/libdrivers__console.a(uart_console.c.obj)
 .text.qspi_get_zephyr_ret_code
                0x0000000000005f7c       0x1c zephyr/drivers/flash/libdrivers__flash.a(nrf_qspi_nor.c.obj)
 .text.qspi_nor_pages_layout
                0x0000000000005f98       0x10 zephyr/drivers/flash/libdrivers__flash.a(nrf_qspi_nor.c.obj)
 .text.qspi_flash_get_parameters
                0x0000000000005fa8        0x8 zephyr/drivers/flash/libdrivers__flash.a(nrf_qspi_nor.c.obj)
 .text.qspi_nor_erase.part.0
                0x0000000000005fb0       0x30 zephyr/drivers/flash/libdrivers__flash.a(nrf_qspi_nor.c.obj)
 .text.qspi_wait_for_completion.isra.0
                0x0000000000005fe0       0x1c zephyr/drivers/flash/libdrivers__flash.a(nrf_qspi_nor.c.obj)
 .text.qspi_send_cmd
                0x0000000000005ffc       0x98 zephyr/drivers/flash/libdrivers__flash.a(nrf_qspi_nor.c.obj)
 .text.qspi_device_uninit
                0x0000000000006094       0x58 zephyr/drivers/flash/libdrivers__flash.a(nrf_qspi_nor.c.obj)
 .text.qspi_device_init
                0x00000000000060ec       0x50 zephyr/drivers/flash/libdrivers__flash.a(nrf_qspi_nor.c.obj)
 .text.qspi_nor_erase
                0x000000000000613c      0x150 zephyr/drivers/flash/libdrivers__flash.a(nrf_qspi_nor.c.obj)
 .text.qspi_nor_init
                0x000000000000628c      0x1ec zephyr/drivers/flash/libdrivers__flash.a(nrf_qspi_nor.c.obj)
 .text.qspi_nor_write
                0x0000000000006478      0x150 zephyr/drivers/flash/libdrivers__flash.a(nrf_qspi_nor.c.obj)
 .text.qspi_nor_read
                0x00000000000065c8      0x17c zephyr/drivers/flash/libdrivers__flash.a(nrf_qspi_nor.c.obj)
 .text.flash_nrf_pages_layout
                0x0000000000006744       0x10 zephyr/drivers/flash/libdrivers__flash.a(soc_flash_nrf.c.obj)
 .text.flash_nrf_get_parameters
                0x0000000000006754        0x8 zephyr/drivers/flash/libdrivers__flash.a(soc_flash_nrf.c.obj)
 .text.flash_nrf_read.part.0
                0x000000000000675c       0x34 zephyr/drivers/flash/libdrivers__flash.a(soc_flash_nrf.c.obj)
 .text.nrf_flash_init
                0x0000000000006790       0x28 zephyr/drivers/flash/libdrivers__flash.a(soc_flash_nrf.c.obj)
 .text.restore_pofwarn.part.0
                0x00000000000067b8       0x2c zephyr/drivers/flash/libdrivers__flash.a(soc_flash_nrf.c.obj)
 .text.suspend_pofwarn
                0x00000000000067e4       0x58 zephyr/drivers/flash/libdrivers__flash.a(soc_flash_nrf.c.obj)
 .text.flash_nrf_erase
                0x000000000000683c       0xd4 zephyr/drivers/flash/libdrivers__flash.a(soc_flash_nrf.c.obj)
 .text.flash_nrf_write
                0x0000000000006910       0xd8 zephyr/drivers/flash/libdrivers__flash.a(soc_flash_nrf.c.obj)
 .text.gpio_nrfx_pin_interrupt_configure
                0x00000000000069e8       0xe4 zephyr/drivers/gpio/libdrivers__gpio.a(gpio_nrfx.c.obj)
 .text.gpio_nrfx_init
                0x0000000000006acc       0x38 zephyr/drivers/gpio/libdrivers__gpio.a(gpio_nrfx.c.obj)
 .text.nrfx_gpio_handler
                0x0000000000006b04       0x4c zephyr/drivers/gpio/libdrivers__gpio.a(gpio_nrfx.c.obj)
 .text.gpio_nrfx_pin_configure
                0x0000000000006b50      0x128 zephyr/drivers/gpio/libdrivers__gpio.a(gpio_nrfx.c.obj)
 .text.nrf_gpio_pin_port_decode
                0x0000000000006c78       0x20 zephyr/drivers/pinctrl/libdrivers__pinctrl.a(pinctrl_nrf.c.obj)
 .text.pinctrl_configure_pins
                0x0000000000006c98      0x190 zephyr/drivers/pinctrl/libdrivers__pinctrl.a(pinctrl_nrf.c.obj)
                0x0000000000006c98                pinctrl_configure_pins
 .text.uarte_nrfx_configure
                0x0000000000006e28      0x168 zephyr/drivers/serial/libdrivers__serial.a(uart_nrfx_uarte.c.obj)
 .text.uarte_0_init
                0x0000000000006f90      0x104 zephyr/drivers/serial/libdrivers__serial.a(uart_nrfx_uarte.c.obj)
 .text.uarte_nrfx_poll_out
                0x0000000000007094       0xcc zephyr/drivers/serial/libdrivers__serial.a(uart_nrfx_uarte.c.obj)
 .text.compare_int_lock
                0x0000000000007160       0x48 zephyr/drivers/timer/libdrivers__timer.a(nrf_rtc_timer.c.obj)
 .text.sys_clock_timeout_handler
                0x00000000000071a8       0x48 zephyr/drivers/timer/libdrivers__timer.a(nrf_rtc_timer.c.obj)
 .text.compare_int_unlock
                0x00000000000071f0       0x5c zephyr/drivers/timer/libdrivers__timer.a(nrf_rtc_timer.c.obj)
 .text.z_nrf_rtc_timer_read
                0x000000000000724c       0x44 zephyr/drivers/timer/libdrivers__timer.a(nrf_rtc_timer.c.obj)
                0x000000000000724c                z_nrf_rtc_timer_read
 .text.compare_set
                0x0000000000007290      0x130 zephyr/drivers/timer/libdrivers__timer.a(nrf_rtc_timer.c.obj)
 .text.sys_clock_driver_init
                0x00000000000073c0       0x90 zephyr/drivers/timer/libdrivers__timer.a(nrf_rtc_timer.c.obj)
 .text.rtc_nrf_isr
                0x0000000000007450       0xd4 zephyr/drivers/timer/libdrivers__timer.a(nrf_rtc_timer.c.obj)
                0x0000000000007450                rtc_nrf_isr
 .text.sys_clock_set_timeout
                0x0000000000007524       0x68 zephyr/drivers/timer/libdrivers__timer.a(nrf_rtc_timer.c.obj)
                0x0000000000007524                sys_clock_set_timeout
 .text.sys_clock_elapsed
                0x000000000000758c       0x14 zephyr/drivers/timer/libdrivers__timer.a(nrf_rtc_timer.c.obj)
                0x000000000000758c                sys_clock_elapsed
 .text.sys_clock_disable
                0x00000000000075a0       0x30 zephyr/drivers/timer/libdrivers__timer.a(nrf_rtc_timer.c.obj)
                0x00000000000075a0                sys_clock_disable
 .text.k_sys_fatal_error_handler
                0x00000000000075d0       0x2c modules/nrf/lib/fatal_error/lib..__nrf__lib__fatal_error.a(fatal_error.c.obj)
                0x00000000000075d0                k_sys_fatal_error_handler
 .text.get_ldnumber
                0x00000000000075fc       0x8c modules/fatfs/libmodules__fatfs.a(ff.c.obj)
 .text.check_fs
                0x0000000000007688       0xc0 modules/fatfs/libmodules__fatfs.a(ff.c.obj)
 .text.mount_volume
                0x0000000000007748      0x228 modules/fatfs/libmodules__fatfs.a(ff.c.obj)
 .text.follow_path
                0x0000000000007970      0x18c modules/fatfs/libmodules__fatfs.a(ff.c.obj)
 .text.f_mount  0x0000000000007afc       0x50 modules/fatfs/libmodules__fatfs.a(ff.c.obj)
                0x0000000000007afc                f_mount
 .text.f_mkfs   0x0000000000007b4c      0x714 modules/fatfs/libmodules__fatfs.a(ff.c.obj)
                0x0000000000007b4c                f_mkfs
 .text.disk_status
                0x0000000000008260       0x18 modules/fatfs/libmodules__fatfs.a(zfs_diskio.c.obj)
                0x0000000000008260                disk_status
 .text.disk_initialize
                0x0000000000008278       0x18 modules/fatfs/libmodules__fatfs.a(zfs_diskio.c.obj)
                0x0000000000008278                disk_initialize
 .text.disk_read
                0x0000000000008290       0x18 modules/fatfs/libmodules__fatfs.a(zfs_diskio.c.obj)
                0x0000000000008290                disk_read
 .text.disk_write
                0x00000000000082a8       0x18 modules/fatfs/libmodules__fatfs.a(zfs_diskio.c.obj)
                0x00000000000082a8                disk_write
 .text.disk_ioctl
                0x00000000000082c0       0x5c modules/fatfs/libmodules__fatfs.a(zfs_diskio.c.obj)
                0x00000000000082c0                disk_ioctl
 .text.nrf52_errata_98
                0x000000000000831c       0x24 modules/hal_nordic/nrfx/libmodules__hal_nordic__nrfx.a(system_nrf52840.c.obj)
 .text.nvmc_wait
                0x0000000000008340       0x10 modules/hal_nordic/nrfx/libmodules__hal_nordic__nrfx.a(system_nrf52840.c.obj)
                0x0000000000008340                nvmc_wait
 .text.SystemInit
                0x0000000000008350      0x1bc modules/hal_nordic/nrfx/libmodules__hal_nordic__nrfx.a(system_nrf52840.c.obj)
                0x0000000000008350                SystemInit
 .text.nrfx_flag32_alloc
                0x000000000000850c       0x48 modules/hal_nordic/nrfx/libmodules__hal_nordic__nrfx.a(nrfx_flag32_allocator.c.obj)
                0x000000000000850c                nrfx_flag32_alloc
 .text.nrfx_flag32_free
                0x0000000000008554       0x40 modules/hal_nordic/nrfx/libmodules__hal_nordic__nrfx.a(nrfx_flag32_allocator.c.obj)
                0x0000000000008554                nrfx_flag32_free
 .text.nrfx_gppi_channels_enable
                0x0000000000008594        0xc modules/hal_nordic/nrfx/libmodules__hal_nordic__nrfx.a(nrfx_gppi_ppi.c.obj)
                0x0000000000008594                nrfx_gppi_channels_enable
 .text.clock_stop
                0x00000000000085a0       0xc4 modules/hal_nordic/nrfx/libmodules__hal_nordic__nrfx.a(nrfx_clock.c.obj)
 .text.nrfx_clock_init
                0x0000000000008664       0x20 modules/hal_nordic/nrfx/libmodules__hal_nordic__nrfx.a(nrfx_clock.c.obj)
                0x0000000000008664                nrfx_clock_init
 .text.nrfx_clock_enable
                0x0000000000008684       0x24 modules/hal_nordic/nrfx/libmodules__hal_nordic__nrfx.a(nrfx_clock.c.obj)
                0x0000000000008684                nrfx_clock_enable
 .text.nrfx_clock_irq_handler
                0x00000000000086a8       0x68 modules/hal_nordic/nrfx/libmodules__hal_nordic__nrfx.a(nrfx_clock.c.obj)
                0x00000000000086a8                nrfx_clock_irq_handler
 .text.nrf_gpio_pin_port_decode
                0x0000000000008710       0x20 modules/hal_nordic/nrfx/libmodules__hal_nordic__nrfx.a(nrfx_gpiote.c.obj)
 .text.get_pin_idx
                0x0000000000008730       0x14 modules/hal_nordic/nrfx/libmodules__hal_nordic__nrfx.a(nrfx_gpiote.c.obj)
 .text.pin_in_use_by_te
                0x0000000000008744       0x18 modules/hal_nordic/nrfx/libmodules__hal_nordic__nrfx.a(nrfx_gpiote.c.obj)
 .text.pin_is_output
                0x000000000000875c       0x18 modules/hal_nordic/nrfx/libmodules__hal_nordic__nrfx.a(nrfx_gpiote.c.obj)
 .text.pin_te_get
                0x0000000000008774       0x18 modules/hal_nordic/nrfx/libmodules__hal_nordic__nrfx.a(nrfx_gpiote.c.obj)
 .text.call_handler
                0x000000000000878c       0x40 modules/hal_nordic/nrfx/libmodules__hal_nordic__nrfx.a(nrfx_gpiote.c.obj)
 .text.release_handler
                0x00000000000087cc       0x58 modules/hal_nordic/nrfx/libmodules__hal_nordic__nrfx.a(nrfx_gpiote.c.obj)
 .text.__nrfy_internal_gpiote_events_process.constprop.0
                0x0000000000008824       0x54 modules/hal_nordic/nrfx/libmodules__hal_nordic__nrfx.a(nrfx_gpiote.c.obj)
 .text.nrfx_gpiote_input_configure
                0x0000000000008878      0x180 modules/hal_nordic/nrfx/libmodules__hal_nordic__nrfx.a(nrfx_gpiote.c.obj)
                0x0000000000008878                nrfx_gpiote_input_configure
 .text.nrfx_gpiote_output_configure
                0x00000000000089f8       0xf4 modules/hal_nordic/nrfx/libmodules__hal_nordic__nrfx.a(nrfx_gpiote.c.obj)
                0x00000000000089f8                nrfx_gpiote_output_configure
 .text.nrfx_gpiote_global_callback_set
                0x0000000000008aec        0xc modules/hal_nordic/nrfx/libmodules__hal_nordic__nrfx.a(nrfx_gpiote.c.obj)
                0x0000000000008aec                nrfx_gpiote_global_callback_set
 .text.nrfx_gpiote_channel_get
                0x0000000000008af8       0x30 modules/hal_nordic/nrfx/libmodules__hal_nordic__nrfx.a(nrfx_gpiote.c.obj)
                0x0000000000008af8                nrfx_gpiote_channel_get
 .text.nrfx_gpiote_init
                0x0000000000008b28       0x50 modules/hal_nordic/nrfx/libmodules__hal_nordic__nrfx.a(nrfx_gpiote.c.obj)
                0x0000000000008b28                nrfx_gpiote_init
 .text.nrfx_gpiote_is_init
                0x0000000000008b78       0x14 modules/hal_nordic/nrfx/libmodules__hal_nordic__nrfx.a(nrfx_gpiote.c.obj)
                0x0000000000008b78                nrfx_gpiote_is_init
 .text.nrfx_gpiote_channel_free
                0x0000000000008b8c        0xc modules/hal_nordic/nrfx/libmodules__hal_nordic__nrfx.a(nrfx_gpiote.c.obj)
                0x0000000000008b8c                nrfx_gpiote_channel_free
 .text.nrfx_gpiote_channel_alloc
                0x0000000000008b98        0xc modules/hal_nordic/nrfx/libmodules__hal_nordic__nrfx.a(nrfx_gpiote.c.obj)
                0x0000000000008b98                nrfx_gpiote_channel_alloc
 .text.nrfx_gpiote_trigger_enable
                0x0000000000008ba4       0x9c modules/hal_nordic/nrfx/libmodules__hal_nordic__nrfx.a(nrfx_gpiote.c.obj)
                0x0000000000008ba4                nrfx_gpiote_trigger_enable
 .text.nrfx_gpiote_trigger_disable
                0x0000000000008c40       0x4c modules/hal_nordic/nrfx/libmodules__hal_nordic__nrfx.a(nrfx_gpiote.c.obj)
                0x0000000000008c40                nrfx_gpiote_trigger_disable
 .text.nrfx_gpiote_pin_uninit
                0x0000000000008c8c       0x80 modules/hal_nordic/nrfx/libmodules__hal_nordic__nrfx.a(nrfx_gpiote.c.obj)
                0x0000000000008c8c                nrfx_gpiote_pin_uninit
 .text.nrfx_gpiote_irq_handler
                0x0000000000008d0c      0x1a8 modules/hal_nordic/nrfx/libmodules__hal_nordic__nrfx.a(nrfx_gpiote.c.obj)
                0x0000000000008d0c                nrfx_gpiote_irq_handler
 .text.nvmc_word_write
                0x0000000000008eb4       0x18 modules/hal_nordic/nrfx/libmodules__hal_nordic__nrfx.a(nrfx_nvmc.c.obj)
 .text.nrfx_nvmc_page_erase
                0x0000000000008ecc       0x40 modules/hal_nordic/nrfx/libmodules__hal_nordic__nrfx.a(nrfx_nvmc.c.obj)
                0x0000000000008ecc                nrfx_nvmc_page_erase
 .text.nrfx_nvmc_word_write
                0x0000000000008f0c       0x1c modules/hal_nordic/nrfx/libmodules__hal_nordic__nrfx.a(nrfx_nvmc.c.obj)
                0x0000000000008f0c                nrfx_nvmc_word_write
 .text.nrfx_power_init
                0x0000000000008f28       0x74 modules/hal_nordic/nrfx/libmodules__hal_nordic__nrfx.a(nrfx_power.c.obj)
                0x0000000000008f28                nrfx_power_init
 .text.nrfx_power_usbevt_uninit
                0x0000000000008f9c       0x18 modules/hal_nordic/nrfx/libmodules__hal_nordic__nrfx.a(nrfx_power.c.obj)
                0x0000000000008f9c                nrfx_power_usbevt_uninit
 .text.nrfx_power_usbevt_init
                0x0000000000008fb4       0x14 modules/hal_nordic/nrfx/libmodules__hal_nordic__nrfx.a(nrfx_power.c.obj)
                0x0000000000008fb4                nrfx_power_usbevt_init
 .text.nrfx_power_irq_handler
                0x0000000000008fc8       0xa0 modules/hal_nordic/nrfx/libmodules__hal_nordic__nrfx.a(nrfx_power.c.obj)
                0x0000000000008fc8                nrfx_power_irq_handler
 .text.nrfx_ppi_channel_alloc
                0x0000000000009068        0xc modules/hal_nordic/nrfx/libmodules__hal_nordic__nrfx.a(nrfx_ppi.c.obj)
                0x0000000000009068                nrfx_ppi_channel_alloc
 .text.qspi_xfer
                0x0000000000009074       0xf8 modules/hal_nordic/nrfx/libmodules__hal_nordic__nrfx.a(nrfx_qspi.c.obj)
 .text.qspi_ready_wait
                0x000000000000916c       0x2c modules/hal_nordic/nrfx/libmodules__hal_nordic__nrfx.a(nrfx_qspi.c.obj)
 .text.qspi_event_xfer_handle.constprop.0
                0x0000000000009198       0x28 modules/hal_nordic/nrfx/libmodules__hal_nordic__nrfx.a(nrfx_qspi.c.obj)
 .text.nrf_gpio_cfg.constprop.0
                0x00000000000091c0       0x44 modules/hal_nordic/nrfx/libmodules__hal_nordic__nrfx.a(nrfx_qspi.c.obj)
 .text.nrf_qspi_cinstrdata_get.constprop.0
                0x0000000000009204       0x40 modules/hal_nordic/nrfx/libmodules__hal_nordic__nrfx.a(nrfx_qspi.c.obj)
 .text.nrf_qspi_cinstrdata_set.constprop.0
                0x0000000000009244       0x64 modules/hal_nordic/nrfx/libmodules__hal_nordic__nrfx.a(nrfx_qspi.c.obj)
 .text.qspi_configure
                0x00000000000092a8      0x150 modules/hal_nordic/nrfx/libmodules__hal_nordic__nrfx.a(nrfx_qspi.c.obj)
 .text.nrfx_qspi_init
                0x00000000000093f8       0x58 modules/hal_nordic/nrfx/libmodules__hal_nordic__nrfx.a(nrfx_qspi.c.obj)
                0x00000000000093f8                nrfx_qspi_init
 .text.nrfx_qspi_cinstr_xfer
                0x0000000000009450       0x98 modules/hal_nordic/nrfx/libmodules__hal_nordic__nrfx.a(nrfx_qspi.c.obj)
                0x0000000000009450                nrfx_qspi_cinstr_xfer
 .text.nrfx_qspi_mem_busy_check
                0x00000000000094e8       0x44 modules/hal_nordic/nrfx/libmodules__hal_nordic__nrfx.a(nrfx_qspi.c.obj)
                0x00000000000094e8                nrfx_qspi_mem_busy_check
 .text.nrfx_qspi_uninit
                0x000000000000952c       0xac modules/hal_nordic/nrfx/libmodules__hal_nordic__nrfx.a(nrfx_qspi.c.obj)
                0x000000000000952c                nrfx_qspi_uninit
 .text.nrfx_qspi_erase
                0x00000000000095d8       0x64 modules/hal_nordic/nrfx/libmodules__hal_nordic__nrfx.a(nrfx_qspi.c.obj)
                0x00000000000095d8                nrfx_qspi_erase
 .text.nrfx_qspi_irq_handler
                0x000000000000963c       0x68 modules/hal_nordic/nrfx/libmodules__hal_nordic__nrfx.a(nrfx_qspi.c.obj)
                0x000000000000963c                nrfx_qspi_irq_handler
 .text.nrf52_errata_187
                0x00000000000096a4       0x28 modules/hal_nordic/nrfx/libmodules__hal_nordic__nrfx.a(nrfx_usbd.c.obj)
 .text.ep_state_access
                0x00000000000096cc       0x1c modules/hal_nordic/nrfx/libmodules__hal_nordic__nrfx.a(nrfx_usbd.c.obj)
 .text.ev_usbreset_handler
                0x00000000000096e8       0x2c modules/hal_nordic/nrfx/libmodules__hal_nordic__nrfx.a(nrfx_usbd.c.obj)
 .text.ev_usbevent_handler
                0x0000000000009714       0x74 modules/hal_nordic/nrfx/libmodules__hal_nordic__nrfx.a(nrfx_usbd.c.obj)
 .text.usbd_errata_187_211_begin
                0x0000000000009788       0x40 modules/hal_nordic/nrfx/libmodules__hal_nordic__nrfx.a(nrfx_usbd.c.obj)
 .text.usbd_errata_187_211_end
                0x00000000000097c8       0x40 modules/hal_nordic/nrfx/libmodules__hal_nordic__nrfx.a(nrfx_usbd.c.obj)
 .text.nrfx_usbd_feeder_flash
                0x0000000000009808       0x38 modules/hal_nordic/nrfx/libmodules__hal_nordic__nrfx.a(nrfx_usbd.c.obj)
                0x0000000000009808                nrfx_usbd_feeder_flash
 .text.nrfx_usbd_feeder_flash_zlp
                0x0000000000009840       0x40 modules/hal_nordic/nrfx/libmodules__hal_nordic__nrfx.a(nrfx_usbd.c.obj)
                0x0000000000009840                nrfx_usbd_feeder_flash_zlp
 .text.ev_sof_handler
                0x0000000000009880       0x44 modules/hal_nordic/nrfx/libmodules__hal_nordic__nrfx.a(nrfx_usbd.c.obj)
 .text.atomic_and.constprop.0.isra.0
                0x00000000000098c4       0x20 modules/hal_nordic/nrfx/libmodules__hal_nordic__nrfx.a(nrfx_usbd.c.obj)
 .text.usbd_dma_pending_clear
                0x00000000000098e4       0x24 modules/hal_nordic/nrfx/libmodules__hal_nordic__nrfx.a(nrfx_usbd.c.obj)
 .text.nrf_usbd_ep0in_dma_handler
                0x0000000000009908       0x2c modules/hal_nordic/nrfx/libmodules__hal_nordic__nrfx.a(nrfx_usbd.c.obj)
 .text.usbd_ep_data_handler
                0x0000000000009934       0x8c modules/hal_nordic/nrfx/libmodules__hal_nordic__nrfx.a(nrfx_usbd.c.obj)
 .text.ev_setup_data_handler
                0x00000000000099c0       0x1c modules/hal_nordic/nrfx/libmodules__hal_nordic__nrfx.a(nrfx_usbd.c.obj)
 .text.ev_dma_epout8_handler
                0x00000000000099dc       0x40 modules/hal_nordic/nrfx/libmodules__hal_nordic__nrfx.a(nrfx_usbd.c.obj)
 .text.ev_dma_epin8_handler
                0x0000000000009a1c       0x50 modules/hal_nordic/nrfx/libmodules__hal_nordic__nrfx.a(nrfx_usbd.c.obj)
 .text.nrfx_usbd_uninit
                0x0000000000009a6c       0x14 modules/hal_nordic/nrfx/libmodules__hal_nordic__nrfx.a(nrfx_usbd.c.obj)
                0x0000000000009a6c                nrfx_usbd_uninit
 .text.nrfx_usbd_enable
                0x0000000000009a80      0x158 modules/hal_nordic/nrfx/libmodules__hal_nordic__nrfx.a(nrfx_usbd.c.obj)
                0x0000000000009a80                nrfx_usbd_enable
 .text.nrfx_usbd_start
                0x0000000000009bd8       0x3c modules/hal_nordic/nrfx/libmodules__hal_nordic__nrfx.a(nrfx_usbd.c.obj)
                0x0000000000009bd8                nrfx_usbd_start
 .text.nrfx_usbd_is_enabled
                0x0000000000009c14       0x14 modules/hal_nordic/nrfx/libmodules__hal_nordic__nrfx.a(nrfx_usbd.c.obj)
                0x0000000000009c14                nrfx_usbd_is_enabled
 .text.nrfx_usbd_suspend
                0x0000000000009c28       0x58 modules/hal_nordic/nrfx/libmodules__hal_nordic__nrfx.a(nrfx_usbd.c.obj)
                0x0000000000009c28                nrfx_usbd_suspend
 .text.nrfx_usbd_init
                0x0000000000009c80       0x84 modules/hal_nordic/nrfx/libmodules__hal_nordic__nrfx.a(nrfx_usbd.c.obj)
                0x0000000000009c80                nrfx_usbd_init
 .text.nrfx_usbd_ep_transfer
                0x0000000000009d04       0xf4 modules/hal_nordic/nrfx/libmodules__hal_nordic__nrfx.a(nrfx_usbd.c.obj)
                0x0000000000009d04                nrfx_usbd_ep_transfer
 .text.nrfx_usbd_epout_size_get
                0x0000000000009df8       0x28 modules/hal_nordic/nrfx/libmodules__hal_nordic__nrfx.a(nrfx_usbd.c.obj)
                0x0000000000009df8                nrfx_usbd_epout_size_get
 .text.usbd_dmareq_process
                0x0000000000009e20      0x1c0 modules/hal_nordic/nrfx/libmodules__hal_nordic__nrfx.a(nrfx_usbd.c.obj)
 .text.ev_epdata_handler
                0x0000000000009fe0       0x44 modules/hal_nordic/nrfx/libmodules__hal_nordic__nrfx.a(nrfx_usbd.c.obj)
 .text.nrf_usbd_epout_dma_handler
                0x000000000000a024       0x64 modules/hal_nordic/nrfx/libmodules__hal_nordic__nrfx.a(nrfx_usbd.c.obj)
 .text.nrfx_usbd_ep_stall
                0x000000000000a088       0x10 modules/hal_nordic/nrfx/libmodules__hal_nordic__nrfx.a(nrfx_usbd.c.obj)
                0x000000000000a088                nrfx_usbd_ep_stall
 .text.nrfx_usbd_ep_stall_check
                0x000000000000a098       0x34 modules/hal_nordic/nrfx/libmodules__hal_nordic__nrfx.a(nrfx_usbd.c.obj)
                0x000000000000a098                nrfx_usbd_ep_stall_check
 .text.nrfx_usbd_ep_dtoggle_clear
                0x000000000000a0cc       0x18 modules/hal_nordic/nrfx/libmodules__hal_nordic__nrfx.a(nrfx_usbd.c.obj)
                0x000000000000a0cc                nrfx_usbd_ep_dtoggle_clear
 .text.nrfx_usbd_setup_get
                0x000000000000a0e4       0x44 modules/hal_nordic/nrfx/libmodules__hal_nordic__nrfx.a(nrfx_usbd.c.obj)
                0x000000000000a0e4                nrfx_usbd_setup_get
 .text.nrfx_usbd_setup_data_clear
                0x000000000000a128       0x10 modules/hal_nordic/nrfx/libmodules__hal_nordic__nrfx.a(nrfx_usbd.c.obj)
                0x000000000000a128                nrfx_usbd_setup_data_clear
 .text.ev_dma_epout0_handler
                0x000000000000a138       0x50 modules/hal_nordic/nrfx/libmodules__hal_nordic__nrfx.a(nrfx_usbd.c.obj)
 .text.nrfx_usbd_setup_clear
                0x000000000000a188       0x10 modules/hal_nordic/nrfx/libmodules__hal_nordic__nrfx.a(nrfx_usbd.c.obj)
                0x000000000000a188                nrfx_usbd_setup_clear
 .text.nrfx_usbd_setup_stall
                0x000000000000a198       0x10 modules/hal_nordic/nrfx/libmodules__hal_nordic__nrfx.a(nrfx_usbd.c.obj)
                0x000000000000a198                nrfx_usbd_setup_stall
 .text.nrfx_usbd_last_setup_dir_get
                0x000000000000a1a8        0xc modules/hal_nordic/nrfx/libmodules__hal_nordic__nrfx.a(nrfx_usbd.c.obj)
                0x000000000000a1a8                nrfx_usbd_last_setup_dir_get
 .text.nrfx_usbd_transfer_out_drop
                0x000000000000a1b4       0x54 modules/hal_nordic/nrfx/libmodules__hal_nordic__nrfx.a(nrfx_usbd.c.obj)
                0x000000000000a1b4                nrfx_usbd_transfer_out_drop
 .text.usbd_ep_abort
                0x000000000000a208       0xf4 modules/hal_nordic/nrfx/libmodules__hal_nordic__nrfx.a(nrfx_usbd.c.obj)
 .text.ev_setup_handler
                0x000000000000a2fc       0x68 modules/hal_nordic/nrfx/libmodules__hal_nordic__nrfx.a(nrfx_usbd.c.obj)
 .text.nrfx_usbd_irq_handler
                0x000000000000a364       0x7c modules/hal_nordic/nrfx/libmodules__hal_nordic__nrfx.a(nrfx_usbd.c.obj)
                0x000000000000a364                nrfx_usbd_irq_handler
 .text.nrfx_usbd_stop
                0x000000000000a3e0       0x80 modules/hal_nordic/nrfx/libmodules__hal_nordic__nrfx.a(nrfx_usbd.c.obj)
                0x000000000000a3e0                nrfx_usbd_stop
 .text.nrfx_usbd_disable
                0x000000000000a460       0x60 modules/hal_nordic/nrfx/libmodules__hal_nordic__nrfx.a(nrfx_usbd.c.obj)
                0x000000000000a460                nrfx_usbd_disable
 .text.nrfx_usbd_ep_disable
                0x000000000000a4c0       0x58 modules/hal_nordic/nrfx/libmodules__hal_nordic__nrfx.a(nrfx_usbd.c.obj)
                0x000000000000a4c0                nrfx_usbd_ep_disable
 .text.nrfx_usbd_ep_enable
                0x000000000000a518       0xa8 modules/hal_nordic/nrfx/libmodules__hal_nordic__nrfx.a(nrfx_usbd.c.obj)
                0x000000000000a518                nrfx_usbd_ep_enable
 .text.nrfx_usbd_ep_stall_clear
                0x000000000000a5c0       0x20 modules/hal_nordic/nrfx/libmodules__hal_nordic__nrfx.a(nrfx_usbd.c.obj)
                0x000000000000a5c0                nrfx_usbd_ep_stall_clear
 .text._DoInit  0x000000000000a5e0       0x60 modules/segger/libmodules__segger.a(SEGGER_RTT.c.obj)
 .text.SEGGER_RTT_WriteSkipNoLock
                0x000000000000a640       0x88 modules/segger/libmodules__segger.a(SEGGER_RTT.c.obj)
                0x000000000000a640                SEGGER_RTT_WriteSkipNoLock
 .text.SEGGER_RTT_HasDataUp
                0x000000000000a6c8       0x14 modules/segger/libmodules__segger.a(SEGGER_RTT.c.obj)
                0x000000000000a6c8                SEGGER_RTT_HasDataUp
 .text.zephyr_rtt_mutex_lock
                0x000000000000a6dc       0x14 modules/segger/libmodules__segger.a(SEGGER_RTT_zephyr.c.obj)
                0x000000000000a6dc                zephyr_rtt_mutex_lock
 .text.zephyr_rtt_mutex_unlock
                0x000000000000a6f0        0xc modules/segger/libmodules__segger.a(SEGGER_RTT_zephyr.c.obj)
                0x000000000000a6f0                zephyr_rtt_mutex_unlock
 .text.z_fatal_error
                0x000000000000a6fc      0x100 zephyr/kernel/libkernel.a(fatal.c.obj)
                0x000000000000a6fc                z_fatal_error
 .text.z_sys_init_run_level
                0x000000000000a7fc       0x48 zephyr/kernel/libkernel.a(init.c.obj)
 .text.bg_thread_main
                0x000000000000a844       0x34 zephyr/kernel/libkernel.a(init.c.obj)
 .text.z_bss_zero
                0x000000000000a878       0x18 zephyr/kernel/libkernel.a(init.c.obj)
                0x000000000000a878                z_bss_zero
 .text.z_init_cpu
                0x000000000000a890       0x8c zephyr/kernel/libkernel.a(init.c.obj)
                0x000000000000a890                z_init_cpu
 .text.z_cstart
                0x000000000000a91c       0xe0 zephyr/kernel/libkernel.a(init.c.obj)
                0x000000000000a91c                z_cstart
 .text.init_mem_slab_module
                0x000000000000a9fc       0x24 zephyr/kernel/libkernel.a(mem_slab.c.obj)
 .text.k_mem_slab_alloc
                0x000000000000aa20       0x5c zephyr/kernel/libkernel.a(mem_slab.c.obj)
                0x000000000000aa20                k_mem_slab_alloc
 .text.z_setup_new_thread
                0x000000000000aa7c       0x80 zephyr/kernel/libkernel.a(thread.c.obj)
                0x000000000000aa7c                z_setup_new_thread
 .text.z_impl_k_thread_create
                0x000000000000aafc       0x58 zephyr/kernel/libkernel.a(thread.c.obj)
                0x000000000000aafc                z_impl_k_thread_create
 .text.z_init_static_threads
                0x000000000000ab54       0xb8 zephyr/kernel/libkernel.a(thread.c.obj)
                0x000000000000ab54                z_init_static_threads
 .text.z_impl_k_mutex_lock
                0x000000000000ac0c       0xf4 zephyr/kernel/libkernel.a(mutex.c.obj)
                0x000000000000ac0c                z_impl_k_mutex_lock
 .text.z_impl_k_mutex_unlock
                0x000000000000ad00       0x78 zephyr/kernel/libkernel.a(mutex.c.obj)
                0x000000000000ad00                z_impl_k_mutex_unlock
 .text.z_impl_k_queue_get
                0x000000000000ad78       0x68 zephyr/kernel/libkernel.a(queue.c.obj)
                0x000000000000ad78                z_impl_k_queue_get
 .text.z_impl_k_sem_give
                0x000000000000ade0       0x48 zephyr/kernel/libkernel.a(sem.c.obj)
                0x000000000000ade0                z_impl_k_sem_give
 .text.z_impl_k_sem_take
                0x000000000000ae28       0x50 zephyr/kernel/libkernel.a(sem.c.obj)
                0x000000000000ae28                z_impl_k_sem_take
 .text.k_sys_work_q_init
                0x000000000000ae78       0x34 zephyr/kernel/libkernel.a(system_work_q.c.obj)
 .text.work_queue_main
                0x000000000000aeac      0x138 zephyr/kernel/libkernel.a(work.c.obj)
 .text.submit_to_queue_locked
                0x000000000000afe4       0xb4 zephyr/kernel/libkernel.a(work.c.obj)
 .text.k_work_queue_start
                0x000000000000b098       0x70 zephyr/kernel/libkernel.a(work.c.obj)
                0x000000000000b098                k_work_queue_start
 .text.sliceable
                0x000000000000b108       0x3c zephyr/kernel/libkernel.a(sched.c.obj)
 .text.slice_timeout
                0x000000000000b144       0x20 zephyr/kernel/libkernel.a(sched.c.obj)
 .text.z_reset_time_slice
                0x000000000000b164       0x50 zephyr/kernel/libkernel.a(sched.c.obj)
                0x000000000000b164                z_reset_time_slice
 .text.update_cache
                0x000000000000b1b4       0x3c zephyr/kernel/libkernel.a(sched.c.obj)
 .text.move_thread_to_end_of_prio_q
                0x000000000000b1f0       0x74 zephyr/kernel/libkernel.a(sched.c.obj)
 .text.ready_thread
                0x000000000000b264       0x68 zephyr/kernel/libkernel.a(sched.c.obj)
 .text.unready_thread
                0x000000000000b2cc       0x30 zephyr/kernel/libkernel.a(sched.c.obj)
 .text.pend_locked
                0x000000000000b2fc       0x30 zephyr/kernel/libkernel.a(sched.c.obj)
 .text.z_time_slice
                0x000000000000b32c       0x60 zephyr/kernel/libkernel.a(sched.c.obj)
                0x000000000000b32c                z_time_slice
 .text.z_pend_curr
                0x000000000000b38c       0x3c zephyr/kernel/libkernel.a(sched.c.obj)
                0x000000000000b38c                z_pend_curr
 .text.z_set_prio
                0x000000000000b3c8       0x8c zephyr/kernel/libkernel.a(sched.c.obj)
                0x000000000000b3c8                z_set_prio
 .text.z_reschedule
                0x000000000000b454       0x24 zephyr/kernel/libkernel.a(sched.c.obj)
                0x000000000000b454                z_reschedule
 .text.z_sched_start
                0x000000000000b478       0x3c zephyr/kernel/libkernel.a(sched.c.obj)
                0x000000000000b478                z_sched_start
 .text.z_impl_k_thread_suspend
                0x000000000000b4b4       0x64 zephyr/kernel/libkernel.a(sched.c.obj)
                0x000000000000b4b4                z_impl_k_thread_suspend
 .text.k_sched_lock
                0x000000000000b518       0x28 zephyr/kernel/libkernel.a(sched.c.obj)
                0x000000000000b518                k_sched_lock
 .text.k_sched_unlock
                0x000000000000b540       0x38 zephyr/kernel/libkernel.a(sched.c.obj)
                0x000000000000b540                k_sched_unlock
 .text.z_sched_init
                0x000000000000b578       0x10 zephyr/kernel/libkernel.a(sched.c.obj)
                0x000000000000b578                z_sched_init
 .text.z_impl_k_yield
                0x000000000000b588       0x7c zephyr/kernel/libkernel.a(sched.c.obj)
                0x000000000000b588                z_impl_k_yield
 .text.z_tick_sleep
                0x000000000000b604       0x88 zephyr/kernel/libkernel.a(sched.c.obj)
 .text.z_impl_k_sleep
                0x000000000000b68c       0x34 zephyr/kernel/libkernel.a(sched.c.obj)
                0x000000000000b68c                z_impl_k_sleep
 .text.z_impl_k_usleep
                0x000000000000b6c0       0x34 zephyr/kernel/libkernel.a(sched.c.obj)
                0x000000000000b6c0                z_impl_k_usleep
 .text.z_impl_z_current_get
                0x000000000000b6f4        0xc zephyr/kernel/libkernel.a(sched.c.obj)
                0x000000000000b6f4                z_impl_z_current_get
 .text.z_thread_abort
                0x000000000000b700       0xc0 zephyr/kernel/libkernel.a(sched.c.obj)
                0x000000000000b700                z_thread_abort
 .text.z_sched_wait
                0x000000000000b7c0       0x24 zephyr/kernel/libkernel.a(sched.c.obj)
                0x000000000000b7c0                z_sched_wait
 .text.z_data_copy
                0x000000000000b7e4       0x34 zephyr/kernel/libkernel.a(xip.c.obj)
                0x000000000000b7e4                z_data_copy
 .text.elapsed  0x000000000000b818       0x14 zephyr/kernel/libkernel.a(timeout.c.obj)
 .text.next_timeout
                0x000000000000b82c       0x40 zephyr/kernel/libkernel.a(timeout.c.obj)
 .text.remove_timeout
                0x000000000000b86c       0x38 zephyr/kernel/libkernel.a(timeout.c.obj)
 .text.z_add_timeout
                0x000000000000b8a4       0xec zephyr/kernel/libkernel.a(timeout.c.obj)
                0x000000000000b8a4                z_add_timeout
 .text.sys_clock_announce
                0x000000000000b990       0xd4 zephyr/kernel/libkernel.a(timeout.c.obj)
                0x000000000000b990                sys_clock_announce
 .text.sys_clock_tick_get
                0x000000000000ba64       0x34 zephyr/kernel/libkernel.a(timeout.c.obj)
                0x000000000000ba64                sys_clock_tick_get
 .text.z_timer_expiration_handler
                0x000000000000ba98       0xe4 zephyr/kernel/libkernel.a(timer.c.obj)
                0x000000000000ba98                z_timer_expiration_handler
 .text.z_impl_k_timer_start
                0x000000000000bb7c       0x60 zephyr/kernel/libkernel.a(timer.c.obj)
                0x000000000000bb7c                z_impl_k_timer_start
 .text.z_thread_aligned_alloc
                0x000000000000bbdc       0x40 zephyr/kernel/libkernel.a(mempool.c.obj)
                0x000000000000bbdc                z_thread_aligned_alloc
 .text.boot_banner
                0x000000000000bc1c        0xc zephyr/kernel/libkernel.a(banner.c.obj)
                0x000000000000bc1c                boot_banner
 .text.statics_init
                0x000000000000bc28       0x24 zephyr/kernel/libkernel.a(kheap.c.obj)
 .text.nrf_cc3xx_platform_init_no_rng
                0x000000000000bc4c       0x38 C:/ncs/v2.5.0/nrfxlib/crypto/nrf_cc310_platform/lib/cortex-m4/soft-float/no-interrupts/libnrf_cc310_platform_0.9.18.a(nrf_cc3xx_platform.c.obj)
                0x000000000000bc4c                nrf_cc3xx_platform_init_no_rng
 .text.nrf_cc3xx_platform_abort
                0x000000000000bc84       0x24 C:/ncs/v2.5.0/nrfxlib/crypto/nrf_cc310_platform/lib/cortex-m4/soft-float/no-interrupts/libnrf_cc310_platform_0.9.18.a(nrf_cc3xx_platform_abort.c.obj)
 .text.CC_PalAbort
                0x000000000000bca8       0x34 C:/ncs/v2.5.0/nrfxlib/crypto/nrf_cc310_platform/lib/cortex-m4/soft-float/no-interrupts/libnrf_cc310_platform_0.9.18.a(nrf_cc3xx_platform_abort.c.obj)
                0x000000000000bca8                CC_PalAbort
 .text.nrf_cc3xx_platform_set_abort
                0x000000000000bcdc       0x10 C:/ncs/v2.5.0/nrfxlib/crypto/nrf_cc310_platform/lib/cortex-m4/soft-float/no-interrupts/libnrf_cc310_platform_0.9.18.a(nrf_cc3xx_platform_abort.c.obj)
                0x000000000000bcdc                nrf_cc3xx_platform_set_abort
 .text.mutex_free
                0x000000000000bcec       0x34 C:/ncs/v2.5.0/nrfxlib/crypto/nrf_cc310_platform/lib/cortex-m4/soft-float/no-interrupts/libnrf_cc310_platform_0.9.18.a(nrf_cc3xx_platform_mutex.c.obj)
 .text.mutex_lock
                0x000000000000bd20       0x48 C:/ncs/v2.5.0/nrfxlib/crypto/nrf_cc310_platform/lib/cortex-m4/soft-float/no-interrupts/libnrf_cc310_platform_0.9.18.a(nrf_cc3xx_platform_mutex.c.obj)
 .text.mutex_unlock
                0x000000000000bd68       0x38 C:/ncs/v2.5.0/nrfxlib/crypto/nrf_cc310_platform/lib/cortex-m4/soft-float/no-interrupts/libnrf_cc310_platform_0.9.18.a(nrf_cc3xx_platform_mutex.c.obj)
 .text.mutex_init
                0x000000000000bda0       0x20 C:/ncs/v2.5.0/nrfxlib/crypto/nrf_cc310_platform/lib/cortex-m4/soft-float/no-interrupts/libnrf_cc310_platform_0.9.18.a(nrf_cc3xx_platform_mutex.c.obj)
 .text.nrf_cc3xx_platform_set_mutexes
                0x000000000000bdc0       0x74 C:/ncs/v2.5.0/nrfxlib/crypto/nrf_cc310_platform/lib/cortex-m4/soft-float/no-interrupts/libnrf_cc310_platform_0.9.18.a(nrf_cc3xx_platform_mutex.c.obj)
                0x000000000000bdc0                nrf_cc3xx_platform_set_mutexes
 .text.CC_LibInitNoRng
                0x000000000000be34       0x64 C:/ncs/v2.5.0/nrfxlib/crypto/nrf_cc310_platform/lib/cortex-m4/soft-float/no-interrupts/libnrf_cc310_platform_0.9.18.a(cc_lib.c.obj)
                0x000000000000be34                CC_LibInitNoRng
 .text.CC_HalInit
                0x000000000000be98        0x4 C:/ncs/v2.5.0/nrfxlib/crypto/nrf_cc310_platform/lib/cortex-m4/soft-float/no-interrupts/libnrf_cc310_platform_0.9.18.a(cc_hal.c.obj)
                0x000000000000be98                CC_HalInit
 .text.CC_HalTerminate
                0x000000000000be9c        0x4 C:/ncs/v2.5.0/nrfxlib/crypto/nrf_cc310_platform/lib/cortex-m4/soft-float/no-interrupts/libnrf_cc310_platform_0.9.18.a(cc_hal.c.obj)
                0x000000000000be9c                CC_HalTerminate
 .text.CC_HalMaskInterrupt
                0x000000000000bea0        0xc C:/ncs/v2.5.0/nrfxlib/crypto/nrf_cc310_platform/lib/cortex-m4/soft-float/no-interrupts/libnrf_cc310_platform_0.9.18.a(cc_hal.c.obj)
                0x000000000000bea0                CC_HalMaskInterrupt
 .text.CC_PalInit
                0x000000000000beac       0x5c C:/ncs/v2.5.0/nrfxlib/crypto/nrf_cc310_platform/lib/cortex-m4/soft-float/no-interrupts/libnrf_cc310_platform_0.9.18.a(cc_pal.c.obj)
                0x000000000000beac                CC_PalInit
 .text.CC_PalTerminate
                0x000000000000bf08       0x34 C:/ncs/v2.5.0/nrfxlib/crypto/nrf_cc310_platform/lib/cortex-m4/soft-float/no-interrupts/libnrf_cc310_platform_0.9.18.a(cc_pal.c.obj)
                0x000000000000bf08                CC_PalTerminate
 .text.CC_PalDmaInit
                0x000000000000bf3c        0x4 C:/ncs/v2.5.0/nrfxlib/crypto/nrf_cc310_platform/lib/cortex-m4/soft-float/no-interrupts/libnrf_cc310_platform_0.9.18.a(cc_pal_dma.c.obj)
                0x000000000000bf3c                CC_PalDmaInit
 .text.CC_PalDmaTerminate
                0x000000000000bf40        0x4 C:/ncs/v2.5.0/nrfxlib/crypto/nrf_cc310_platform/lib/cortex-m4/soft-float/no-interrupts/libnrf_cc310_platform_0.9.18.a(cc_pal_dma.c.obj)
                0x000000000000bf40                CC_PalDmaTerminate
 .text.CC_PalMutexCreate
                0x000000000000bf44       0x14 C:/ncs/v2.5.0/nrfxlib/crypto/nrf_cc310_platform/lib/cortex-m4/soft-float/no-interrupts/libnrf_cc310_platform_0.9.18.a(cc_pal_mutex.c.obj)
                0x000000000000bf44                CC_PalMutexCreate
 .text.CC_PalMutexDestroy
                0x000000000000bf58       0x14 C:/ncs/v2.5.0/nrfxlib/crypto/nrf_cc310_platform/lib/cortex-m4/soft-float/no-interrupts/libnrf_cc310_platform_0.9.18.a(cc_pal_mutex.c.obj)
                0x000000000000bf58                CC_PalMutexDestroy
 .text.CC_PalPowerSaveModeInit
                0x000000000000bf6c       0x3c C:/ncs/v2.5.0/nrfxlib/crypto/nrf_cc310_platform/lib/cortex-m4/soft-float/no-interrupts/libnrf_cc310_platform_0.9.18.a(cc_pal_pm.c.obj)
                0x000000000000bf6c                CC_PalPowerSaveModeInit
 .text.CC_PalPowerSaveModeSelect
                0x000000000000bfa8       0x84 C:/ncs/v2.5.0/nrfxlib/crypto/nrf_cc310_platform/lib/cortex-m4/soft-float/no-interrupts/libnrf_cc310_platform_0.9.18.a(cc_pal_pm.c.obj)
                0x000000000000bfa8                CC_PalPowerSaveModeSelect
 .text.snprintf
                0x000000000000c02c       0x58 c:\ncs\toolchains\c57af46cb7\opt\zephyr-sdk\arm-zephyr-eabi\bin\../lib/gcc/../../picolibc/arm-zephyr-eabi/lib/thumb/v7e-m/nofp\libc.a(libc_tinystdio_snprintf.c.o)
                0x000000000000c02c                snprintf
 .text.__i_vfprintf
                0x000000000000c084      0x490 c:\ncs\toolchains\c57af46cb7\opt\zephyr-sdk\arm-zephyr-eabi\bin\../lib/gcc/../../picolibc/arm-zephyr-eabi/lib/thumb/v7e-m/nofp\libc.a(libc_tinystdio_vfiprintf.c.o)
                0x000000000000c084                __i_vfprintf
 .text.cbpprintf_external
                0x000000000000c514       0x62 zephyr/libzephyr.a(cbprintf_packaged.c.obj)
                0x000000000000c514                cbpprintf_external
 .text.is_ptr   0x000000000000c576       0x4a zephyr/libzephyr.a(cbprintf_packaged.c.obj)
                0x000000000000c576                is_ptr
 .text.arch_printk_char_out
                0x000000000000c5c0        0x4 zephyr/libzephyr.a(printk.c.obj)
                0x000000000000c5c0                arch_printk_char_out
 .text.printk   0x000000000000c5c4       0x1a zephyr/libzephyr.a(printk.c.obj)
                0x000000000000c5c4                printk
 .text.chunk_field
                0x000000000000c5de       0x16 zephyr/libzephyr.a(heap.c.obj)
 .text.chunk_set
                0x000000000000c5f4       0x16 zephyr/libzephyr.a(heap.c.obj)
 .text.chunk_size
                0x000000000000c60a        0xc zephyr/libzephyr.a(heap.c.obj)
 .text.set_chunk_used
                0x000000000000c616       0x30 zephyr/libzephyr.a(heap.c.obj)
 .text.set_chunk_size
                0x000000000000c646        0x8 zephyr/libzephyr.a(heap.c.obj)
 .text.mem_to_chunkid
                0x000000000000c64e       0x14 zephyr/libzephyr.a(heap.c.obj)
 .text.bucket_idx.isra.0
                0x000000000000c662       0x1c zephyr/libzephyr.a(heap.c.obj)
 .text.free_list_remove_bidx
                0x000000000000c67e       0x5c zephyr/libzephyr.a(heap.c.obj)
 .text.free_list_remove
                0x000000000000c6da       0x2e zephyr/libzephyr.a(heap.c.obj)
 .text.alloc_chunk
                0x000000000000c708       0x74 zephyr/libzephyr.a(heap.c.obj)
 .text.split_chunks
                0x000000000000c77c       0x4e zephyr/libzephyr.a(heap.c.obj)
 .text.merge_chunks
                0x000000000000c7ca       0x3c zephyr/libzephyr.a(heap.c.obj)
 .text.free_list_add
                0x000000000000c806       0x84 zephyr/libzephyr.a(heap.c.obj)
 .text.free_chunk
                0x000000000000c88a       0x84 zephyr/libzephyr.a(heap.c.obj)
 .text.sys_heap_free
                0x000000000000c90e       0x24 zephyr/libzephyr.a(heap.c.obj)
                0x000000000000c90e                sys_heap_free
 .text.sys_heap_alloc
                0x000000000000c932       0x6e zephyr/libzephyr.a(heap.c.obj)
                0x000000000000c932                sys_heap_alloc
 .text.sys_heap_aligned_alloc
                0x000000000000c9a0       0xe8 zephyr/libzephyr.a(heap.c.obj)
                0x000000000000c9a0                sys_heap_aligned_alloc
 .text.sys_heap_init
                0x000000000000ca88       0xb0 zephyr/libzephyr.a(heap.c.obj)
                0x000000000000ca88                sys_heap_init
 .text.sys_slist_find_and_remove
                0x000000000000cb38       0x36 zephyr/libzephyr.a(onoff.c.obj)
 .text.process_recheck
                0x000000000000cb6e       0x38 zephyr/libzephyr.a(onoff.c.obj)
 .text.validate_args
                0x000000000000cba6       0x20 zephyr/libzephyr.a(onoff.c.obj)
 .text.notify_one
                0x000000000000cbc6       0x2c zephyr/libzephyr.a(onoff.c.obj)
 .text.transition_complete
                0x000000000000cbf2       0x1c zephyr/libzephyr.a(onoff.c.obj)
 .text.onoff_manager_init
                0x000000000000cc0e       0x26 zephyr/libzephyr.a(onoff.c.obj)
                0x000000000000cc0e                onoff_manager_init
 .text.onoff_request
                0x000000000000cc34       0xb0 zephyr/libzephyr.a(onoff.c.obj)
                0x000000000000cc34                onoff_request
 .text.onoff_release
                0x000000000000cce4       0x4a zephyr/libzephyr.a(onoff.c.obj)
                0x000000000000cce4                onoff_release
 .text.onoff_cancel
                0x000000000000cd2e       0x38 zephyr/libzephyr.a(onoff.c.obj)
                0x000000000000cd2e                onoff_cancel
 .text.sys_notify_validate
                0x000000000000cd66       0x22 zephyr/libzephyr.a(notify.c.obj)
                0x000000000000cd66                sys_notify_validate
 .text.sys_notify_finalize
                0x000000000000cd88       0x1a zephyr/libzephyr.a(notify.c.obj)
                0x000000000000cd88                sys_notify_finalize
 .text.free_space
                0x000000000000cda2       0x26 zephyr/libzephyr.a(mpsc_pbuf.c.obj)
 .text.get_usage
                0x000000000000cdc8       0x22 zephyr/libzephyr.a(mpsc_pbuf.c.obj)
 .text.idx_inc  0x000000000000cdea       0x1c zephyr/libzephyr.a(mpsc_pbuf.c.obj)
 .text.rd_idx_inc
                0x000000000000ce06       0x18 zephyr/libzephyr.a(mpsc_pbuf.c.obj)
 .text.add_skip_item
                0x000000000000ce1e       0x3a zephyr/libzephyr.a(mpsc_pbuf.c.obj)
 .text.drop_item_locked
                0x000000000000ce58       0xee zephyr/libzephyr.a(mpsc_pbuf.c.obj)
 .text.post_drop_action
                0x000000000000cf46       0x36 zephyr/libzephyr.a(mpsc_pbuf.c.obj)
 .text.max_utilization_update
                0x000000000000cf7c       0x1a zephyr/libzephyr.a(mpsc_pbuf.c.obj)
 .text.mpsc_pbuf_init
                0x000000000000cf96       0x42 zephyr/libzephyr.a(mpsc_pbuf.c.obj)
                0x000000000000cf96                mpsc_pbuf_init
 .text.mpsc_pbuf_alloc
                0x000000000000cfd8       0xfc zephyr/libzephyr.a(mpsc_pbuf.c.obj)
                0x000000000000cfd8                mpsc_pbuf_alloc
 .text.mpsc_pbuf_commit
                0x000000000000d0d4       0x40 zephyr/libzephyr.a(mpsc_pbuf.c.obj)
                0x000000000000d0d4                mpsc_pbuf_commit
 .text.mpsc_pbuf_claim
                0x000000000000d114       0xa4 zephyr/libzephyr.a(mpsc_pbuf.c.obj)
                0x000000000000d114                mpsc_pbuf_claim
 .text.mpsc_pbuf_free
                0x000000000000d1b8       0x78 zephyr/libzephyr.a(mpsc_pbuf.c.obj)
                0x000000000000d1b8                mpsc_pbuf_free
 .text.mpsc_pbuf_is_pending
                0x000000000000d230       0x1a zephyr/libzephyr.a(mpsc_pbuf.c.obj)
                0x000000000000d230                mpsc_pbuf_is_pending
 .text._ConfigAbsSyms
                0x000000000000d24a        0x2 zephyr/libzephyr.a(configs.c.obj)
                0x000000000000d24a                _ConfigAbsSyms
 .text.log_msg_generic_get_wlen
                0x000000000000d24c       0x20 zephyr/libzephyr.a(log_core.c.obj)
 .text.dummy_timestamp
                0x000000000000d26c        0x4 zephyr/libzephyr.a(log_core.c.obj)
 .text.default_get_timestamp
                0x000000000000d270        0x4 zephyr/libzephyr.a(log_core.c.obj)
 .text.atomic_inc
                0x000000000000d274       0x1a zephyr/libzephyr.a(log_core.c.obj)
 .text.z_log_vprintk
                0x000000000000d28e       0x1c zephyr/libzephyr.a(log_core.c.obj)
                0x000000000000d28e                z_log_vprintk
 .text.z_log_notify_drop
                0x000000000000d2aa        0x6 zephyr/libzephyr.a(log_core.c.obj)
 .text.z_log_get_tag
                0x000000000000d2b0        0x4 zephyr/libzephyr.a(log_core.c.obj)
                0x000000000000d2b0                z_log_get_tag
 .text.z_cbprintf_cpy
                0x000000000000d2b4       0x2c zephyr/libzephyr.a(log_msg.c.obj)
 .text.z_log_msg_finalize
                0x000000000000d2e0       0x32 zephyr/libzephyr.a(log_msg.c.obj)
                0x000000000000d2e0                z_log_msg_finalize
 .text.buffer_write
                0x000000000000d312       0x1a zephyr/libzephyr.a(log_output.c.obj)
 .text.log_output_flush
                0x000000000000d32c       0x1a zephyr/libzephyr.a(log_output.c.obj)
                0x000000000000d32c                log_output_flush
 .text.out_func
                0x000000000000d346       0x36 zephyr/libzephyr.a(log_output.c.obj)
 .text.cr_out_func
                0x000000000000d37c       0x1c zephyr/libzephyr.a(log_output.c.obj)
 .text.log_backend_uart_init
                0x000000000000d398        0x2 zephyr/libzephyr.a(log_backend_uart.c.obj)
 .text.get_ep_bm_from_addr
                0x000000000000d39a       0x1c zephyr/libzephyr.a(usb_device.c.obj)
 .text.usb_write
                0x000000000000d3b6       0x30 zephyr/libzephyr.a(usb_device.c.obj)
                0x000000000000d3b6                usb_write
 .text.usb_ep_set_stall
                0x000000000000d3e6        0x4 zephyr/libzephyr.a(usb_device.c.obj)
                0x000000000000d3e6                usb_ep_set_stall
 .text.usb_ep_read_wait
                0x000000000000d3ea        0x4 zephyr/libzephyr.a(usb_device.c.obj)
                0x000000000000d3ea                usb_ep_read_wait
 .text.usb_ep_read_continue
                0x000000000000d3ee        0x4 zephyr/libzephyr.a(usb_device.c.obj)
                0x000000000000d3ee                usb_ep_read_continue
 .text.z_log_msg_static_create.constprop.0
                0x000000000000d3f2        0x6 zephyr/libzephyr.a(msc.c.obj)
 .text.disk_access_init
                0x000000000000d3f8       0x1c zephyr/libzephyr.a(disk_access.c.obj)
                0x000000000000d3f8                disk_access_init
 .text.disk_access_status
                0x000000000000d414       0x1c zephyr/libzephyr.a(disk_access.c.obj)
                0x000000000000d414                disk_access_status
 .text.disk_access_read
                0x000000000000d430       0x2e zephyr/libzephyr.a(disk_access.c.obj)
                0x000000000000d430                disk_access_read
 .text.disk_access_write
                0x000000000000d45e       0x2e zephyr/libzephyr.a(disk_access.c.obj)
                0x000000000000d45e                disk_access_write
 .text.disk_access_ioctl
                0x000000000000d48c       0x24 zephyr/libzephyr.a(disk_access.c.obj)
                0x000000000000d48c                disk_access_ioctl
 .text.abort_function
                0x000000000000d4b0        0x8 zephyr/libzephyr.a(nrf_cc3xx_platform_abort_zephyr.c.obj)
 .text.z_do_kernel_oops
                0x000000000000d4b8        0x8 zephyr/arch/arch/arm/core/aarch32/libarch__arm__core__aarch32.a(fatal.c.obj)
                0x000000000000d4b8                z_do_kernel_oops
 .text.z_irq_spurious
                0x000000000000d4c0        0x8 zephyr/arch/arch/arm/core/aarch32/libarch__arm__core__aarch32.a(irq_manage.c.obj)
                0x000000000000d4c0                z_irq_spurious
 .text.z_arm_nmi
                0x000000000000d4c8        0xe zephyr/arch/arch/arm/core/aarch32/libarch__arm__core__aarch32.a(nmi.c.obj)
                0x000000000000d4c8                z_arm_nmi
 .text.z_log_msg_static_create.constprop.0
                0x000000000000d4d6        0x6 zephyr/arch/arch/arm/core/aarch32/cortex_m/libarch__arm__core__aarch32__cortex_m.a(fault.c.obj)
 .text.cbputc   0x000000000000d4dc        0xc zephyr/lib/libc/picolibc/liblib__libc__picolibc.a(libc-hooks.c.obj)
 .text.picolibc_put
                0x000000000000d4e8        0xa zephyr/lib/libc/picolibc/liblib__libc__picolibc.a(libc-hooks.c.obj)
 .text.z_log_msg_static_create.constprop.0
                0x000000000000d4f2        0x6 zephyr/subsys/fs/libsubsys__fs.a(fs.c.obj)
 .text.fatfs_tell
                0x000000000000d4f8        0x6 zephyr/subsys/fs/libsubsys__fs.a(fat_fs.c.obj)
 .text.fatfs_mkdir
                0x000000000000d4fe       0x10 zephyr/subsys/fs/libsubsys__fs.a(fat_fs.c.obj)
 .text.fatfs_unlink
                0x000000000000d50e       0x10 zephyr/subsys/fs/libsubsys__fs.a(fat_fs.c.obj)
 .text.fatfs_rename
                0x000000000000d51e       0x2e zephyr/subsys/fs/libsubsys__fs.a(fat_fs.c.obj)
 .text.fatfs_unmount
                0x000000000000d54c       0x16 zephyr/subsys/fs/libsubsys__fs.a(fat_fs.c.obj)
 .text.fatfs_sync
                0x000000000000d562       0x10 zephyr/subsys/fs/libsubsys__fs.a(fat_fs.c.obj)
 .text.fatfs_seek
                0x000000000000d572       0x38 zephyr/subsys/fs/libsubsys__fs.a(fat_fs.c.obj)
 .text.fatfs_truncate
                0x000000000000d5aa       0x56 zephyr/subsys/fs/libsubsys__fs.a(fat_fs.c.obj)
 .text.fatfs_write
                0x000000000000d600       0x38 zephyr/subsys/fs/libsubsys__fs.a(fat_fs.c.obj)
 .text.fatfs_read
                0x000000000000d638       0x1e zephyr/subsys/fs/libsubsys__fs.a(fat_fs.c.obj)
 .text.fatfs_stat
                0x000000000000d656       0x3a zephyr/subsys/fs/libsubsys__fs.a(fat_fs.c.obj)
 .text.fatfs_readdir
                0x000000000000d690       0x3a zephyr/subsys/fs/libsubsys__fs.a(fat_fs.c.obj)
 .text.fatfs_statvfs
                0x000000000000d6ca       0x38 zephyr/subsys/fs/libsubsys__fs.a(fat_fs.c.obj)
 .text.disk_ram_access_status
                0x000000000000d702        0x4 zephyr/drivers/disk/libdrivers__disk.a(ramdisk.c.obj)
 .text.disk_ram_access_ioctl
                0x000000000000d706       0x28 zephyr/drivers/disk/libdrivers__disk.a(ramdisk.c.obj)
 .text.disk_ram_access_init
                0x000000000000d72e        0x4 zephyr/drivers/disk/libdrivers__disk.a(ramdisk.c.obj)
 .text.ep_ctx_reset
                0x000000000000d732       0x26 zephyr/drivers/usb/device/libdrivers__usb__device.a(usb_dc_nrfx.c.obj)
 .text.z_log_msg_static_create.constprop.0